<html>
<body>
<pre>
<h1>礦ision Build Log</h1>
<h2>Tool Versions:</h2>
IDE-Version: μVision V5.25.2.0
Copyright (C) 2018 ARM Ltd and ARM Germany GmbH. All rights reserved.
License Information: 1 2748573817@qq.com, 1, LIC=EXJT4-FDLBN-45RT5-GCT6X-MG39N-5X7AR
 
Tool Versions:
Toolchain:       MDK-ARM Plus  Version: 5.25.2.0
Toolchain Path:  C:\Keil_v5\ARM\ARMCC\Bin
C Compiler:      Armcc.exe V5.06 update 6 (build 750)
Assembler:       Armasm.exe V5.06 update 6 (build 750)
Linker/Locator:  ArmLink.exe V5.06 update 6 (build 750)
Library Manager: ArmAr.exe V5.06 update 6 (build 750)
Hex Converter:   FromElf.exe V5.06 update 6 (build 750)
CPU DLL:         SARMCM3.DLL V5.25.2.0
Dialog DLL:      DARMSTM.DLL V1.68.0.0
Target DLL:      Segger\JL2CM3.dll V2.99.29.0
Dialog DLL:      TARMSTM.DLL V1.66.0.0
 
<h2>Project:</h2>
D:\作业\整合实验\final\USER\USART.uvprojx
Project File Date:  06/09/2023

<h2>Output:</h2>
*** Using Compiler 'V5.06 update 6 (build 750)', folder: 'C:\Keil_v5\ARM\ARMCC\Bin'
Rebuild target 'USART'
compiling server.c...
compiling timer.c...
compiling led.c...
compiling stm32f10x_it.c...
compiling key.c...
compiling usart3.c...
compiling esp8266.c...
compiling system_stm32f10x.c...
compiling main.c...
main.c(132): warning:  #550-D: variable "flag_data_key1"  was set but never used
  	 unsigned char flag_data_key1=0;
main.c(318): warning:  #177-D: variable "res1"  was declared but never referenced
  	 u8 res1=0;
main.c: 2 warnings, 0 errors
compiling rc522.c...
..\HARDWARE\RFID\rc522.c(945): warning:  #167-D: argument of type "unsigned char *" is incompatible with parameter of type "const char *"
  		if(strcmp(SN,"8790BEB4") == 0)
..\HARDWARE\RFID\rc522.c(980): warning:  #167-D: argument of type "unsigned char *" is incompatible with parameter of type "const char *"
  		if(strcmp(SN,"8790BEB4") == 0)
..\HARDWARE\RFID\rc522.c: 2 warnings, 0 errors
compiling tft.c...
compiling exti.c...
compiling delay.c...
compiling flash.c...
compiling key1.c...
compiling usart.c...
compiling sys.c...
compiling usart2.c...
compiling core_cm3.c...
assembling startup_stm32f10x_hd.s...
compiling misc.c...
compiling stm32f10x_gpio.c...
compiling stm32f10x_rcc.c...
compiling stm32f10x_usart.c...
compiling stm32f10x_spi.c...
compiling stm32f10x_fsmc.c...
compiling stm32f10x_exti.c...
compiling stm32f10x_tim.c...
compiling stm32f10x_flash.c...
linking...
Program Size: Code=38168 RO-data=6416 RW-data=208 ZI-data=6008  
FromELF: creating hex file...
"..\OBJ\USART.axf" - 0 Error(s), 4 Warning(s).

<h2>Software Packages used:</h2>

Package Vendor: Keil
                http://www.keil.com/pack/Keil.STM32F1xx_DFP.1.0.5.pack
                Keil.STM32F1xx_DFP.1.0.5
                STMicroelectronics STM32F1 Series Device Support, Drivers and Examples

<h2>Collection of Component include folders:</h2>
  .\RTE\_USART
  C:\Keil_v5\ARM\PACK\Keil\STM32F1xx_DFP\1.0.5\Device\Include

<h2>Collection of Component Files used:</h2>
Build Time Elapsed:  00:00:04
</pre>
</body>
</html>
