Component: ARM Compiler 5.06 update 6 (build 750) Tool: armlink [4d35ed]

==============================================================================

Section Cross References

    main.o(.text) refers to tft.o(.text) for LCD_ShowChar
    main.o(.text) refers to delay.o(.text) for delay_ms
    main.o(.text) refers to flash.o(.text) for STMFLASH_Write
    main.o(.text) refers to main.o(.data) for key_back
    main.o(.text) refers to server.o(.text) for Server_180_Angle
    main.o(.text) refers to key1.o(.text) for Matrix_Key_Init
    main.o(.text) refers to led.o(.text) for LED_Init
    main.o(.text) refers to stm32f10x_rcc.o(.text) for RCC_APB2PeriphClockCmd
    main.o(.text) refers to stm32f10x_gpio.o(.text) for GPIO_Init
    main.o(.text) refers to misc.o(.text) for NVIC_PriorityGroupConfig
    main.o(.text) refers to usart.o(.text) for uart_init
    main.o(.text) refers to usart2.o(.text) for usart2_init
    main.o(.text) refers to usart3.o(.text) for usart3_init
    main.o(.text) refers to rc522.o(.text) for RC522_Init
    main.o(.text) refers to exti.o(.text) for EXTIX_Init
    main.o(.text) refers to tft.o(.data) for POINT_COLOR
    system_stm32f10x.o(.text) refers to system_stm32f10x.o(.data) for SystemCoreClock
    esp8266.o(.text) refers to strstr.o(.text) for strstr
    esp8266.o(.text) refers to usart3.o(.text) for u3_printf
    esp8266.o(.text) refers to delay.o(.text) for delay_ms
    esp8266.o(.text) refers to usart3.o(.data) for USART3_RX_STA
    esp8266.o(.text) refers to usart3.o(.bss) for USART3_RX_BUF
    timer.o(.text) refers to stm32f10x_tim.o(.text) for TIM_GetITStatus
    timer.o(.text) refers to stm32f10x_rcc.o(.text) for RCC_APB1PeriphClockCmd
    timer.o(.text) refers to misc.o(.text) for NVIC_Init
    timer.o(.text) refers to usart3.o(.data) for USART3_RX_STA
    usart3.o(.text) refers to stm32f10x_usart.o(.text) for USART_GetITStatus
    usart3.o(.text) refers to stm32f10x_tim.o(.text) for TIM_SetCounter
    usart3.o(.text) refers to stm32f10x_rcc.o(.text) for RCC_APB2PeriphClockCmd
    usart3.o(.text) refers to stm32f10x_gpio.o(.text) for GPIO_Init
    usart3.o(.text) refers to misc.o(.text) for NVIC_Init
    usart3.o(.text) refers to timer.o(.text) for TIM7_Int_Init
    usart3.o(.text) refers to printfa.o(i.__0vsprintf) for __c89vsprintf
    usart3.o(.text) refers to strlen.o(.text) for strlen
    usart3.o(.text) refers to usart3.o(.data) for USART3_RX_STA
    usart3.o(.text) refers to usart3.o(.bss) for USART3_RX_BUF
    key.o(.text) refers to stm32f10x_rcc.o(.text) for RCC_APB2PeriphClockCmd
    key.o(.text) refers to stm32f10x_gpio.o(.text) for GPIO_Init
    key.o(.text) refers to delay.o(.text) for delay_ms
    key.o(.text) refers to key.o(.data) for key_up
    led.o(.text) refers to stm32f10x_rcc.o(.text) for RCC_APB2PeriphClockCmd
    led.o(.text) refers to stm32f10x_gpio.o(.text) for GPIO_Init
    tft.o(.text) refers to delay.o(.text) for delay_us
    tft.o(.text) refers to tft.o(.bss) for lcddev
    tft.o(.text) refers to dfltui.o(.text) for __aeabi_ui2d
    tft.o(.text) refers to dmul.o(.text) for __aeabi_dmul
    tft.o(.text) refers to dfixui.o(.text) for __aeabi_d2uiz
    tft.o(.text) refers to tft.o(.data) for POINT_COLOR
    tft.o(.text) refers to stm32f10x_rcc.o(.text) for RCC_AHBPeriphClockCmd
    tft.o(.text) refers to stm32f10x_gpio.o(.text) for GPIO_Init
    tft.o(.text) refers to stm32f10x_fsmc.o(.text) for FSMC_NORSRAMInit
    tft.o(.text) refers to printf5.o(i.__0printf$5) for __2printf
    tft.o(.text) refers to tft.o(.constdata) for asc2_1206
    rc522.o(.text) refers to stm32f10x_gpio.o(.text) for GPIO_SetBits
    rc522.o(.text) refers to delay.o(.text) for delay_us
    rc522.o(.text) refers to strcmp.o(.text) for strcmp
    rc522.o(.text) refers to printf5.o(i.__0printf$5) for __2printf
    rc522.o(.text) refers to tft.o(.text) for LCD_ShowString
    rc522.o(.text) refers to server.o(.text) for Server_180_Angle
    rc522.o(.text) refers to stm32f10x_rcc.o(.text) for RCC_APB2PeriphClockCmd
    rc522.o(.text) refers to rc522.o(.data) for SN
    rc522.o(.text) refers to rc522.o(.bss) for RFID
    rc522.o(.text) refers to main.o(.data) for lcd_clear_flage
    rc522.o(.text) refers to memcpya.o(.text) for __aeabi_memcpy
    server.o(.text) refers to stm32f10x_rcc.o(.text) for RCC_APB2PeriphClockCmd
    server.o(.text) refers to stm32f10x_gpio.o(.text) for GPIO_Init
    server.o(.text) refers to stm32f10x_tim.o(.text) for TIM_TimeBaseInit
    server.o(.text) refers to delay.o(.text) for delay_ms
    exti.o(.text) refers to key.o(.text) for KEY_Init
    exti.o(.text) refers to stm32f10x_rcc.o(.text) for RCC_APB2PeriphClockCmd
    exti.o(.text) refers to stm32f10x_gpio.o(.text) for GPIO_EXTILineConfig
    exti.o(.text) refers to stm32f10x_exti.o(.text) for EXTI_Init
    exti.o(.text) refers to misc.o(.text) for NVIC_Init
    exti.o(.text) refers to delay.o(.text) for delay_ms
    exti.o(.text) refers to main.o(.data) for lock_flag
[...]
    printf8.o(i.__0vprintf$8) refers to printf8.o(i._printf_core) for _printf_core
    printf8.o(i.__0vprintf$8) refers to usart.o(.text) for fputc
    printf8.o(i.__0vprintf$8) refers to usart.o(.data) for __stdout
    printf8.o(i.__0vsnprintf$8) refers to printf8.o(i._printf_core) for _printf_core
    printf8.o(i.__0vsnprintf$8) refers to printf8.o(i._snputc) for _snputc
    printf8.o(i.__0vsprintf$8) refers to printf8.o(i._printf_core) for _printf_core
    printf8.o(i.__0vsprintf$8) refers to printf8.o(i._sputc) for _sputc
    printf8.o(i._printf_core) refers to printf8.o(i._printf_pre_padding) for _printf_pre_padding
    printf8.o(i._printf_core) refers to uldiv.o(.text) for __aeabi_uldivmod
    printf8.o(i._printf_core) refers to printf8.o(i._printf_post_padding) for _printf_post_padding
    printfa.o(i.__0fprintf) refers (Special) to iusefp.o(.text) for __I$use$fp
    printfa.o(i.__0fprintf) refers to printfa.o(i._printf_core) for _printf_core
    printfa.o(i.__0fprintf) refers to usart.o(.text) for fputc
    printfa.o(i.__0printf) refers (Special) to iusefp.o(.text) for __I$use$fp
    printfa.o(i.__0printf) refers to printfa.o(i._printf_core) for _printf_core
    printfa.o(i.__0printf) refers to usart.o(.text) for fputc
    printfa.o(i.__0printf) refers to usart.o(.data) for __stdout
    printfa.o(i.__0snprintf) refers (Special) to iusefp.o(.text) for __I$use$fp
    printfa.o(i.__0snprintf) refers to printfa.o(i._printf_core) for _printf_core
    printfa.o(i.__0snprintf) refers to printfa.o(i._snputc) for _snputc
    printfa.o(i.__0sprintf) refers (Special) to iusefp.o(.text) for __I$use$fp
    printfa.o(i.__0sprintf) refers to printfa.o(i._printf_core) for _printf_core
    printfa.o(i.__0sprintf) refers to printfa.o(i._sputc) for _sputc
    printfa.o(i.__0vfprintf) refers (Special) to iusefp.o(.text) for __I$use$fp
    printfa.o(i.__0vfprintf) refers to printfa.o(i._printf_core) for _printf_core
    printfa.o(i.__0vfprintf) refers to usart.o(.text) for fputc
    printfa.o(i.__0vprintf) refers (Special) to iusefp.o(.text) for __I$use$fp
    printfa.o(i.__0vprintf) refers to printfa.o(i._printf_core) for _printf_core
    printfa.o(i.__0vprintf) refers to usart.o(.text) for fputc
    printfa.o(i.__0vprintf) refers to usart.o(.data) for __stdout
    printfa.o(i.__0vsnprintf) refers (Special) to iusefp.o(.text) for __I$use$fp
    printfa.o(i.__0vsnprintf) refers to printfa.o(i._printf_core) for _printf_core
    printfa.o(i.__0vsnprintf) refers to printfa.o(i._snputc) for _snputc
    printfa.o(i.__0vsprintf) refers (Special) to iusefp.o(.text) for __I$use$fp
    printfa.o(i.__0vsprintf) refers to printfa.o(i._printf_core) for _printf_core
    printfa.o(i.__0vsprintf) refers to printfa.o(i._sputc) for _sputc
    printfa.o(i._fp_digits) refers (Special) to iusefp.o(.text) for __I$use$fp
    printfa.o(i._fp_digits) refers to dmul.o(.text) for __aeabi_dmul
    printfa.o(i._fp_digits) refers to ddiv.o(.text) for __aeabi_ddiv
    printfa.o(i._fp_digits) refers to cdrcmple.o(.text) for __aeabi_cdrcmple
    printfa.o(i._fp_digits) refers to dadd.o(.text) for __aeabi_dadd
    printfa.o(i._fp_digits) refers to dfixul.o(.text) for __aeabi_d2ulz
    printfa.o(i._fp_digits) refers to uldiv.o(.text) for __aeabi_uldivmod
    printfa.o(i._printf_core) refers (Special) to iusefp.o(.text) for __I$use$fp
    printfa.o(i._printf_core) refers to printfa.o(i._printf_pre_padding) for _printf_pre_padding
    printfa.o(i._printf_core) refers to uldiv.o(.text) for __aeabi_uldivmod
    printfa.o(i._printf_core) refers to printfa.o(i._printf_post_padding) for _printf_post_padding
    printfa.o(i._printf_core) refers to printfa.o(i._fp_digits) for _fp_digits
    printfa.o(i._printf_core) refers to uidiv.o(.text) for __aeabi_uidivmod
    printfa.o(i._printf_post_padding) refers (Special) to iusefp.o(.text) for __I$use$fp
    printfa.o(i._printf_pre_padding) refers (Special) to iusefp.o(.text) for __I$use$fp
    printfa.o(i._snputc) refers (Special) to iusefp.o(.text) for __I$use$fp
    printfa.o(i._sputc) refers (Special) to iusefp.o(.text) for __I$use$fp
    dmul.o(.text) refers (Special) to iusefp.o(.text) for __I$use$fp
    dmul.o(.text) refers to depilogue.o(.text) for _double_epilogue
    dfltui.o(.text) refers (Special) to iusefp.o(.text) for __I$use$fp
    dfltui.o(.text) refers to depilogue.o(.text) for _double_epilogue
    dfixui.o(.text) refers (Special) to iusefp.o(.text) for __I$use$fp
    dfixui.o(.text) refers to llushr.o(.text) for __aeabi_llsr
    entry2.o(.ARM.Collect$$$$00000001) refers to entry2.o(.ARM.Collect$$$$00002712) for __lit__00000000
    entry2.o(.ARM.Collect$$$$00002712) refers to startup_stm32f10x_hd.o(STACK) for __initial_sp
    entry2.o(__vectab_stack_and_reset_area) refers to startup_stm32f10x_hd.o(STACK) for __initial_sp
    entry2.o(__vectab_stack_and_reset_area) refers to entry.o(.ARM.Collect$$$$00000000) for __main
    entry5.o(.ARM.Collect$$$$00000004) refers to init.o(.text) for __scatterload
    entry9a.o(.ARM.Collect$$$$0000000B) refers to main.o(.text) for main
    entry9b.o(.ARM.Collect$$$$0000000C) refers to main.o(.text) for main
    uldiv.o(.text) refers to llushr.o(.text) for __aeabi_llsr
    uldiv.o(.text) refers to llshl.o(.text) for __aeabi_llsl
    depilogue.o(.text) refers to llshl.o(.text) for __aeabi_llsl
    depilogue.o(.text) refers to llushr.o(.text) for __aeabi_llsr
    dadd.o(.text) refers to llshl.o(.text) for __aeabi_llsl
    dadd.o(.text) refers to llsshr.o(.text) for __aeabi_lasr
    dadd.o(.text) refers to depilogue.o(.text) for _double_epilogue
    ddiv.o(.text) refers to depilogue.o(.text) for _double_round
    dfixul.o(.text) refers to llushr.o(.text) for __aeabi_llsr
    dfixul.o(.text) refers to llshl.o(.text) for __aeabi_llsl
    init.o(.text) refers to entry5.o(.ARM.Collect$$$$00000004) for __main_after_scatterload


==============================================================================

Removing Unused input sections from the image.

    Removing esp8266.o(.text), (648 bytes).
    Removing sys.o(.emb_text), (6 bytes).
    Removing sys.o(.text), (12 bytes).
    Removing core_cm3.o(.emb_text), (32 bytes).
    Removing startup_stm32f10x_hd.o(HEAP), (512 bytes).
    Removing stm32f10x_spi.o(.text), (780 bytes).

6 unused section(s) (total 1990 bytes) removed from the image.

==============================================================================

Image Symbol Table

    Local Symbols

    Symbol Name                              Value     Ov Type        Size  Object(Section)

    ../clib/microlib/division.c              0x00000000   Number         0  uidiv.o ABSOLUTE
    ../clib/microlib/division.c              0x00000000   Number         0  uldiv.o ABSOLUTE
    ../clib/microlib/init/entry.s            0x00000000   Number         0  entry8a.o ABSOLUTE
    ../clib/microlib/init/entry.s            0x00000000   Number         0  entry8b.o ABSOLUTE
    ../clib/microlib/init/entry.s            0x00000000   Number         0  entry9a.o ABSOLUTE
    ../clib/microlib/init/entry.s            0x00000000   Number         0  entry9b.o ABSOLUTE
    ../clib/microlib/init/entry.s            0x00000000   Number         0  entry10a.o ABSOLUTE
    ../clib/microlib/init/entry.s            0x00000000   Number         0  entry10b.o ABSOLUTE
    ../clib/microlib/init/entry.s            0x00000000   Number         0  entry11a.o ABSOLUTE
    ../clib/microlib/init/entry.s            0x00000000   Number         0  entry5.o ABSOLUTE
    ../clib/microlib/init/entry.s            0x00000000   Number         0  entry11b.o ABSOLUTE
    ../clib/microlib/init/entry.s            0x00000000   Number         0  entry2.o ABSOLUTE
    ../clib/microlib/init/entry.s            0x00000000   Number         0  entry7a.o ABSOLUTE
    ../clib/microlib/init/entry.s            0x00000000   Number         0  entry7b.o ABSOLUTE
    ../clib/microlib/init/entry.s            0x00000000   Number         0  entry.o ABSOLUTE
    ../clib/microlib/longlong.c              0x00000000   Number         0  llsshr.o ABSOLUTE
    ../clib/microlib/longlong.c              0x00000000   Number         0  llushr.o ABSOLUTE
    ../clib/microlib/longlong.c              0x00000000   Number         0  llshl.o ABSOLUTE
    ../clib/microlib/printf/printf.c         0x00000000   Number         0  printf4.o ABSOLUTE
    ../clib/microlib/printf/printf.c         0x00000000   Number         0  printf1.o ABSOLUTE
    ../clib/microlib/printf/printf.c         0x00000000   Number         0  printf2.o ABSOLUTE
    ../clib/microlib/printf/printf.c         0x00000000   Number         0  printf8.o ABSOLUTE
    ../clib/microlib/printf/printf.c         0x00000000   Number         0  printfa.o ABSOLUTE
    ../clib/microlib/printf/printf.c         0x00000000   Number         0  printf7.o ABSOLUTE
    ../clib/microlib/printf/printf.c         0x00000000   Number         0  printf6.o ABSOLUTE
    ../clib/microlib/printf/printf.c         0x00000000   Number         0  printf5.o ABSOLUTE
    ../clib/microlib/printf/printf.c         0x00000000   Number         0  printf0.o ABSOLUTE
    ../clib/microlib/printf/printf.c         0x00000000   Number         0  printf3.o ABSOLUTE
    ../clib/microlib/printf/printf.c         0x00000000   Number         0  printfb.o ABSOLUTE
    ../clib/microlib/printf/stubs.s          0x00000000   Number         0  stubs.o ABSOLUTE
    ../clib/microlib/string/memcpy.c         0x00000000   Number         0  memcpyb.o ABSOLUTE
    ../clib/microlib/string/memcpy.c         0x00000000   Number         0  memcpya.o ABSOLUTE
    ../clib/microlib/string/strcmp.c         0x00000000   Number         0  strcmp.o ABSOLUTE
    ../clib/microlib/string/strlen.c         0x00000000   Number         0  strlen.o ABSOLUTE
    ../clib/microlib/string/strstr.c         0x00000000   Number         0  strstr.o ABSOLUTE
    ../clib/microlib/stubs.s                 0x00000000   Number         0  iusefp.o ABSOLUTE
    ../clib/microlib/stubs.s                 0x00000000   Number         0  useno.o ABSOLUTE
    ../fplib/microlib/fpadd.c                0x00000000   Number         0  dadd.o ABSOLUTE
    ../fplib/microlib/fpdiv.c                0x00000000   Number         0  ddiv.o ABSOLUTE
    ../fplib/microlib/fpepilogue.c           0x00000000   Number         0  depilogue.o ABSOLUTE
    ../fplib/microlib/fpfix.c                0x00000000   Number         0  dfixul.o ABSOLUTE
    ../fplib/microlib/fpfix.c                0x00000000   Number         0  dfixui.o ABSOLUTE
    ../fplib/microlib/fpflt.c                0x00000000   Number         0  dfltui.o ABSOLUTE
    ../fplib/microlib/fpmul.c                0x00000000   Number         0  dmul.o ABSOLUTE
    ..\CORE\core_cm3.c                       0x00000000   Number         0  core_cm3.o ABSOLUTE
    ..\CORE\startup_stm32f10x_hd.s           0x00000000   Number         0  startup_stm32f10x_hd.o ABSOLUTE
    ..\HARDWARE\ESP8266\esp8266.c            0x00000000   Number         0  esp8266.o ABSOLUTE
    ..\HARDWARE\EXTI\exti.c                  0x00000000   Number         0  exti.o ABSOLUTE
    ..\HARDWARE\KEY1\key1.c                  0x00000000   Number         0  key1.o ABSOLUTE
    ..\HARDWARE\RFID\rc522.c                 0x00000000   Number         0  rc522.o ABSOLUTE
    ..\HARDWARE\SERVER\server.c              0x00000000   Number         0  server.o ABSOLUTE
    ..\HARDWARE\TIMER\timer.c                0x00000000   Number         0  timer.o ABSOLUTE
    ..\HARDWARE\USART3\usart3.c              0x00000000   Number         0  usart3.o ABSOLUTE
    ..\HARDWARE\flash\flash.c                0x00000000   Number         0  flash.o ABSOLUTE
    ..\HARDWARE\key\key.c                    0x00000000   Number         0  key.o ABSOLUTE
    ..\HARDWARE\led\led.c                    0x00000000   Number         0  led.o ABSOLUTE
    ..\HARDWARE\tft\tft.c                    0x00000000   Number         0  tft.o ABSOLUTE
    ..\STM32F10x_FWLib\src\misc.c            0x00000000   Number         0  misc.o ABSOLUTE
    ..\STM32F10x_FWLib\src\stm32f10x_exti.c  0x00000000   Number         0  stm32f10x_exti.o ABSOLUTE
    ..\STM32F10x_FWLib\src\stm32f10x_flash.c 0x00000000   Number         0  stm32f10x_flash.o ABSOLUTE
    ..\STM32F10x_FWLib\src\stm32f10x_fsmc.c  0x00000000   Number         0  stm32f10x_fsmc.o ABSOLUTE
    ..\STM32F10x_FWLib\src\stm32f10x_gpio.c  0x00000000   Number         0  stm32f10x_gpio.o ABSOLUTE
    ..\STM32F10x_FWLib\src\stm32f10x_rcc.c   0x00000000   Number         0  stm32f10x_rcc.o ABSOLUTE
    ..\STM32F10x_FWLib\src\stm32f10x_spi.c   0x00000000   Number         0  stm32f10x_spi.o ABSOLUTE
    ..\STM32F10x_FWLib\src\stm32f10x_tim.c   0x00000000   Number         0  stm32f10x_tim.o ABSOLUTE
    ..\STM32F10x_FWLib\src\stm32f10x_usart.c 0x00000000   Number         0  stm32f10x_usart.o ABSOLUTE
    ..\SYSTEM\delay\delay.c                  0x00000000   Number         0  delay.o ABSOLUTE
    ..\SYSTEM\sys\sys.c                      0x00000000   Number         0  sys.o ABSOLUTE
    ..\SYSTEM\usart2\usart2.c                0x00000000   Number         0  usart2.o ABSOLUTE
    ..\SYSTEM\usart\usart.c                  0x00000000   Number         0  usart.o ABSOLUTE
    ..\\CORE\\core_cm3.c                     0x00000000   Number         0  core_cm3.o ABSOLUTE
    ..\\SYSTEM\\sys\\sys.c                   0x00000000   Number         0  sys.o ABSOLUTE
    cdrcmple.s                               0x00000000   Number         0  cdrcmple.o ABSOLUTE
    dc.s                                     0x00000000   Number         0  dc.o ABSOLUTE
    handlers.s                               0x00000000   Number         0  handlers.o ABSOLUTE
    init.s                                   0x00000000   Number         0  init.o ABSOLUTE
    main.c                                   0x00000000   Number         0  main.o ABSOLUTE
    stm32f10x_it.c                           0x00000000   Number         0  stm32f10x_it.o ABSOLUTE
    system_stm32f10x.c                       0x00000000   Number         0  system_stm32f10x.o ABSOLUTE
    RESET                                    0x08000000   Section      304  startup_stm32f10x_hd.o(RESET)
    .ARM.Collect$$$$00000000                 0x08000130   Section        0  entry.o(.ARM.Collect$$$$00000000)
    .ARM.Collect$$$$00000001                 0x08000130   Section        4  entry2.o(.ARM.Collect$$$$00000001)
    .ARM.Collect$$$$00000004                 0x08000134   Section        4  entry5.o(.ARM.Collect$$$$00000004)
    .ARM.Collect$$$$00000008                 0x08000138   Section        0  entry7b.o(.ARM.Collect$$$$00000008)
    .ARM.Collect$$$$0000000A                 0x08000138   Section        0  entry8b.o(.ARM.Collect$$$$0000000A)
    .ARM.Collect$$$$0000000B                 0x08000138   Section        8  entry9a.o(.ARM.Collect$$$$0000000B)
    .ARM.Collect$$$$0000000D                 0x08000140   Section        0  entry10a.o(.ARM.Collect$$$$0000000D)
    .ARM.Collect$$$$0000000F                 0x08000140   Section        0  entry11a.o(.ARM.Collect$$$$0000000F)
    .ARM.Collect$$$$00002712                 0x08000140   Section        4  entry2.o(.ARM.Collect$$$$00002712)
    __lit__00000000                          0x08000140   Data           4  entry2.o(.ARM.Collect$$$$00002712)
    .text                                    0x08000144   Section        0  main.o(.text)
    .text                                    0x08000c8c   Section        0  stm32f10x_it.o(.text)
    .text                                    0x08000ca8   Section        0  system_stm32f10x.o(.text)
    SetSysClockTo72                          0x08000ca9   Thumb Code   214  system_stm32f10x.o(.text)
    SetSysClock                              0x08000d7f   Thumb Code     8  system_stm32f10x.o(.text)
    .text                                    0x08000e88   Section        0  timer.o(.text)
    .text                                    0x08000f14   Section        0  usart3.o(.text)
    .text                                    0x08001090   Section        0  key.o(.text)
    .text                                    0x08001168   Section        0  led.o(.text)
    .text                                    0x080011b4   Section        0  tft.o(.text)
    .text                                    0x08004600   Section        0  rc522.o(.text)
    .text                                    0x08005184   Section        0  server.o(.text)
    .text                                    0x08005280   Section        0  exti.o(.text)
    .text                                    0x080053c4   Section        0  flash.o(.text)
    .text                                    0x08005508   Section        0  key1.o(.text)
    .text                                    0x080059f0   Section        0  delay.o(.text)
    .text                                    0x08005ac4   Section        0  usart.o(.text)
    .text                                    0x08005c08   Section        0  usart2.o(.text)
    .text                                    0x08005d84   Section       36  startup_stm32f10x_hd.o(.text)
    .text                                    0x08005da8   Section        0  misc.o(.text)
    .text                                    0x08005e84   Section        0  stm32f10x_gpio.o(.text)
    .text                                    0x080061e0   Section        0  stm32f10x_rcc.o(.text)
    .text                                    0x08006584   Section        0  stm32f10x_usart.o(.text)
    .text                                    0x0800698c   Section        0  stm32f10x_tim.o(.text)
    TI4_Config                               0x08006e33   Thumb Code   130  stm32f10x_tim.o(.text)
    TI3_Config                               0x08006ec7   Thumb Code   122  stm32f10x_tim.o(.text)
    TI2_Config                               0x08006f5b   Thumb Code   130  stm32f10x_tim.o(.text)
    TI1_Config                               0x08006fef   Thumb Code   108  stm32f10x_tim.o(.text)
    .text                                    0x080077a8   Section        0  stm32f10x_fsmc.o(.text)
    .text                                    0x08007db4   Section        0  stm32f10x_exti.o(.text)
    .text                                    0x08007ed0   Section        0  stm32f10x_flash.o(.text)
    .text                                    0x0800848c   Section        0  memcpya.o(.text)
    .text                                    0x080084b0   Section        0  strlen.o(.text)
    .text                                    0x080084be   Section        0  strcmp.o(.text)
    .text                                    0x080084da   Section        0  dmul.o(.text)
    .text                                    0x080085be   Section        0  dfltui.o(.text)
    .text                                    0x080085d8   Section        0  dfixui.o(.text)
    .text                                    0x0800860a   Section        0  uidiv.o(.text)
    .text                                    0x08008636   Section        0  uldiv.o(.text)
    .text                                    0x08008698   Section        0  llushr.o(.text)
    .text                                    0x080086b8   Section        0  iusefp.o(.text)
    .text                                    0x080086b8   Section        0  depilogue.o(.text)
    .text                                    0x08008772   Section        0  dadd.o(.text)
    .text                                    0x080088c0   Section        0  ddiv.o(.text)
    .text                                    0x0800899e   Section        0  dfixul.o(.text)
    .text                                    0x080089d0   Section       48  cdrcmple.o(.text)
    .text                                    0x08008a00   Section       36  init.o(.text)
    .text                                    0x08008a24   Section        0  llshl.o(.text)
    .text                                    0x08008a42   Section        0  llsshr.o(.text)
    i.__0printf$5                            0x08008a68   Section        0  printf5.o(i.__0printf$5)
    i.__0vsprintf                            0x08008a88   Section        0  printfa.o(i.__0vsprintf)
    i.__scatterload_copy                     0x08008aac   Section       14  handlers.o(i.__scatterload_copy)
    i.__scatterload_null                     0x08008aba   Section        2  handlers.o(i.__scatterload_null)
    i.__scatterload_zeroinit                 0x08008abc   Section       14  handlers.o(i.__scatterload_zeroinit)
    i._fp_digits                             0x08008acc   Section        0  printfa.o(i._fp_digits)
    _fp_digits                               0x08008acd   Thumb Code   366  printfa.o(i._fp_digits)
    i._printf_core                           0x08008c50   Section        0  printf5.o(i._printf_core)
    _printf_core                             0x08008c51   Thumb Code   658  printf5.o(i._printf_core)
    i._printf_core                           0x08008f10   Section        0  printfa.o(i._printf_core)
    _printf_core                             0x08008f11   Thumb Code  1744  printfa.o(i._printf_core)
    i._printf_post_padding                   0x080095ec   Section        0  printfa.o(i._printf_post_padding)
    _printf_post_padding                     0x080095ed   Thumb Code    36  printfa.o(i._printf_post_padding)
    i._printf_pre_padding                    0x08009610   Section        0  printfa.o(i._printf_pre_padding)
    _printf_pre_padding                      0x08009611   Thumb Code    46  printfa.o(i._printf_pre_padding)
    i._sputc                                 0x0800963e   Section        0  printfa.o(i._sputc)
    _sputc                                   0x0800963f   Thumb Code    10  printfa.o(i._sputc)
    .constdata                               0x08009648   Section     6080  tft.o(.constdata)
    .data                                    0x20000000   Section       60  main.o(.data)
    i_c                                      0x20000038   Data           4  main.o(.data)
    .data                                    0x2000003c   Section       20  system_stm32f10x.o(.data)
    .data                                    0x20000050   Section        2  usart3.o(.data)
    .data                                    0x20000052   Section        1  key.o(.data)
    key_up                                   0x20000052   Data           1  key.o(.data)
    .data                                    0x20000054   Section        4  tft.o(.data)
    .data                                    0x20000058   Section       81  rc522.o(.data)
    .data                                    0x200000a9   Section        5  key1.o(.data)
    key_down                                 0x200000ad   Data           1  key1.o(.data)
    .data                                    0x200000ae   Section        4  delay.o(.data)
    fac_us                                   0x200000ae   Data           1  delay.o(.data)
    fac_ms                                   0x200000b0   Data           2  delay.o(.data)
    .data                                    0x200000b4   Section        6  usart.o(.data)
    .data                                    0x200000ba   Section        2  usart2.o(.data)
    .data                                    0x200000bc   Section       20  stm32f10x_rcc.o(.data)
    APBAHBPrescTable                         0x200000bc   Data          16  stm32f10x_rcc.o(.data)
    ADCPrescTable                            0x200000cc   Data           4  stm32f10x_rcc.o(.data)
    .bss                                     0x200000d0   Section     1200  usart3.o(.bss)
    .bss                                     0x20000580   Section       14  tft.o(.bss)
    .bss                                     0x2000058e   Section      319  rc522.o(.bss)
    .bss                                     0x200006ce   Section     2048  flash.o(.bss)
    .bss                                     0x20000ece   Section      200  usart.o(.bss)
    .bss                                     0x20000f96   Section     1200  usart2.o(.bss)
    STACK                                    0x20001448   Section     1024  startup_stm32f10x_hd.o(STACK)

    Global Symbols

    Symbol Name                              Value     Ov Type        Size  Object(Section)

    BuildAttributes$$THM_ISAv4$P$D$K$B$S$PE$A:L22UL41UL21$X:L11$S22US41US21$IEEE1$IW$USESV6$~STKCKD$USESV7$~SHL$OSPACE$ROPI$EBA8$MICROLIB$REQ8$PRES8$EABIv2 0x00000000   Number         0  anon$$obj.o ABSOLUTE
    __ARM_use_no_argv                        0x00000000   Number         0  main.o ABSOLUTE
    __use_no_errno                           0x00000000   Number         0  useno.o ABSOLUTE
    __use_no_exception_handling              0x00000000   Number         0  useno.o ABSOLUTE
    __use_no_fp                              0x00000000   Number         0  useno.o ABSOLUTE
    __use_no_heap                            0x00000000   Number         0  useno.o ABSOLUTE
    __use_no_heap_region                     0x00000000   Number         0  useno.o ABSOLUTE
    __use_no_semihosting                     0x00000000   Number         0  useno.o ABSOLUTE
    __use_no_semihosting_swi                 0x00000000   Number         0  useno.o ABSOLUTE
    __use_no_signal_handling                 0x00000000   Number         0  useno.o ABSOLUTE
    _printf_a                                0x00000000   Number         0  stubs.o ABSOLUTE
    _printf_c                                0x00000000   Number         0  stubs.o ABSOLUTE
    _printf_charcount                        0x00000000   Number         0  stubs.o ABSOLUTE
    _printf_d                                0x00000000   Number         0  stubs.o ABSOLUTE
    _printf_e                                0x00000000   Number         0  stubs.o ABSOLUTE
    _printf_f                                0x00000000   Number         0  stubs.o ABSOLUTE
    _printf_flags                            0x00000000   Number         0  stubs.o ABSOLUTE
    _printf_fp_dec                           0x00000000   Number         0  stubs.o ABSOLUTE
    _printf_fp_hex                           0x00000000   Number         0  stubs.o ABSOLUTE
    _printf_g                                0x00000000   Number         0  stubs.o ABSOLUTE
    _printf_i                                0x00000000   Number         0  stubs.o ABSOLUTE
    _printf_int_dec                          0x00000000   Number         0  stubs.o ABSOLUTE
    _printf_l                                0x00000000   Number         0  stubs.o ABSOLUTE
    _printf_lc                               0x00000000   Number         0  stubs.o ABSOLUTE
    _printf_ll                               0x00000000   Number         0  stubs.o ABSOLUTE
    _printf_lld                              0x00000000   Number         0  stubs.o ABSOLUTE
    _printf_lli                              0x00000000   Number         0  stubs.o ABSOLUTE
    _printf_llo                              0x00000000   Number         0  stubs.o ABSOLUTE
    _printf_llu                              0x00000000   Number         0  stubs.o ABSOLUTE
    _printf_llx                              0x00000000   Number         0  stubs.o ABSOLUTE
    _printf_longlong_dec                     0x00000000   Number         0  stubs.o ABSOLUTE
    _printf_longlong_hex                     0x00000000   Number         0  stubs.o ABSOLUTE
    _printf_longlong_oct                     0x00000000   Number         0  stubs.o ABSOLUTE
    _printf_ls                               0x00000000   Number         0  stubs.o ABSOLUTE
    _printf_mbtowc                           0x00000000   Number         0  stubs.o ABSOLUTE
    _printf_n                                0x00000000   Number         0  stubs.o ABSOLUTE
    _printf_o                                0x00000000   Number         0  stubs.o ABSOLUTE
    _printf_p                                0x00000000   Number         0  stubs.o ABSOLUTE
    _printf_percent                          0x00000000   Number         0  stubs.o ABSOLUTE
    _printf_pre_padding                      0x00000000   Number         0  stubs.o ABSOLUTE
    _printf_return_value                     0x00000000   Number         0  stubs.o ABSOLUTE
    _printf_s                                0x00000000   Number         0  stubs.o ABSOLUTE
    _printf_sizespec                         0x00000000   Number         0  stubs.o ABSOLUTE
    _printf_str                              0x00000000   Number         0  stubs.o ABSOLUTE
    _printf_truncate_signed                  0x00000000   Number         0  stubs.o ABSOLUTE
    _printf_truncate_unsigned                0x00000000   Number         0  stubs.o ABSOLUTE
    _printf_u                                0x00000000   Number         0  stubs.o ABSOLUTE
    _printf_wc                               0x00000000   Number         0  stubs.o ABSOLUTE
    _printf_wctomb                           0x00000000   Number         0  stubs.o ABSOLUTE
    _printf_widthprec                        0x00000000   Number         0  stubs.o ABSOLUTE
    _printf_x                                0x00000000   Number         0  stubs.o ABSOLUTE
    __cpp_initialize__aeabi_                  - Undefined Weak Reference
    __cxa_finalize                            - Undefined Weak Reference
    __decompress                              - Undefined Weak Reference
    _clock_init                               - Undefined Weak Reference
    _microlib_exit                            - Undefined Weak Reference
    __Vectors_Size                           0x00000130   Number         0  startup_stm32f10x_hd.o ABSOLUTE
    __Vectors                                0x08000000   Data           4  startup_stm32f10x_hd.o(RESET)
    __Vectors_End                            0x08000130   Data           0  startup_stm32f10x_hd.o(RESET)
    __main                                   0x08000131   Thumb Code     0  entry.o(.ARM.Collect$$$$00000000)
    _main_stk                                0x08000131   Thumb Code     0  entry2.o(.ARM.Collect$$$$00000001)
    _main_scatterload                        0x08000135   Thumb Code     0  entry5.o(.ARM.Collect$$$$00000004)
    __main_after_scatterload                 0x08000139   Thumb Code     0  entry5.o(.ARM.Collect$$$$00000004)
    _main_clock                              0x08000139   Thumb Code     0  entry7b.o(.ARM.Collect$$$$00000008)
    _main_cpp_init                           0x08000139   Thumb Code     0  entry8b.o(.ARM.Collect$$$$0000000A)
    _main_init                               0x08000139   Thumb Code     0  entry9a.o(.ARM.Collect$$$$0000000B)
    __rt_final_cpp                           0x08000141   Thumb Code     0  entry10a.o(.ARM.Collect$$$$0000000D)
    __rt_final_exit                          0x08000141   Thumb Code     0  entry11a.o(.ARM.Collect$$$$0000000F)
    change_key                               0x08000145   Thumb Code   550  main.o(.text)
    data_key                                 0x0800036b   Thumb Code  1754  main.o(.text)
    main                                     0x08000a45   Thumb Code   400  main.o(.text)
    NMI_Handler                              0x08000c8d   Thumb Code     2  stm32f10x_it.o(.text)
    HardFault_Handler                        0x08000c8f   Thumb Code     4  stm32f10x_it.o(.text)
    MemManage_Handler                        0x08000c93   Thumb Code     4  stm32f10x_it.o(.text)
    BusFault_Handler                         0x08000c97   Thumb Code     4  stm32f10x_it.o(.text)
    UsageFault_Handler                       0x08000c9b   Thumb Code     4  stm32f10x_it.o(.text)
    SVC_Handler                              0x08000c9f   Thumb Code     2  stm32f10x_it.o(.text)
    DebugMon_Handler                         0x08000ca1   Thumb Code     2  stm32f10x_it.o(.text)
    PendSV_Handler                           0x08000ca3   Thumb Code     2  stm32f10x_it.o(.text)
    SysTick_Handler                          0x08000ca5   Thumb Code     2  stm32f10x_it.o(.text)
    SystemInit                               0x08000d87   Thumb Code    78  system_stm32f10x.o(.text)
    SystemCoreClockUpdate                    0x08000dd5   Thumb Code   142  system_stm32f10x.o(.text)
    TIM7_IRQHandler                          0x08000e89   Thumb Code    42  timer.o(.text)
    TIM7_Int_Init                            0x08000eb3   Thumb Code    90  timer.o(.text)
    USART3_IRQHandler                        0x08000f15   Thumb Code    94  usart3.o(.text)
    usart3_init                              0x08000f73   Thumb Code   190  usart3.o(.text)
    u3_printf                                0x08001031   Thumb Code    72  usart3.o(.text)
    KEY_Init                                 0x08001091   Thumb Code    52  key.o(.text)
    KEY_Scan                                 0x080010c5   Thumb Code   150  key.o(.text)
    LED_Init                                 0x08001169   Thumb Code    68  led.o(.text)
    LCD_WR_REG                               0x080011b5   Thumb Code     6  tft.o(.text)
    LCD_WR_DATA                              0x080011bb   Thumb Code     8  tft.o(.text)
    LCD_RD_DATA                              0x080011c3   Thumb Code    16  tft.o(.text)
    LCD_WriteReg                             0x080011d3   Thumb Code    10  tft.o(.text)
    LCD_ReadReg                              0x080011dd   Thumb Code    22  tft.o(.text)
    LCD_WriteRAM_Prepare                     0x080011f3   Thumb Code    10  tft.o(.text)
    LCD_WriteRAM                             0x080011fd   Thumb Code     8  tft.o(.text)
    LCD_BGR2RGB                              0x08001205   Thumb Code    26  tft.o(.text)
    opt_delay                                0x0800121f   Thumb Code    14  tft.o(.text)
    LCD_SetCursor                            0x0800122d   Thumb Code   282  tft.o(.text)
    LCD_ReadPoint                            0x08001347   Thumb Code   126  tft.o(.text)
    LCD_DisplayOn                            0x080013c5   Thumb Code    32  tft.o(.text)
    LCD_DisplayOff                           0x080013e5   Thumb Code    32  tft.o(.text)
    LCD_Scan_Dir                             0x08001405   Thumb Code   570  tft.o(.text)
    LCD_DrawPoint                            0x0800163f   Thumb Code    28  tft.o(.text)
    LCD_Fast_DrawPoint                       0x0800165b   Thumb Code   234  tft.o(.text)
    LCD_SSD_BackLightSet                     0x08001745   Thumb Code    80  tft.o(.text)
    LCD_Display_Dir                          0x08001795   Thumb Code   298  tft.o(.text)
    LCD_Set_Window                           0x080018bf   Thumb Code   364  tft.o(.text)
    LCD_Clear                                0x08001a2b   Thumb Code    42  tft.o(.text)
    LCD_Init                                 0x08001a55   Thumb Code  9850  tft.o(.text)
    LCD_Fill                                 0x080040cf   Thumb Code    80  tft.o(.text)
    LCD_Color_Fill                           0x0800411f   Thumb Code    92  tft.o(.text)
    LCD_DrawLine                             0x0800417b   Thumb Code   176  tft.o(.text)
    LCD_DrawRectangle                        0x0800422b   Thumb Code    60  tft.o(.text)
    LCD_Draw_Circle                          0x08004267   Thumb Code   152  tft.o(.text)
    LCD_ShowChar                             0x080042ff   Thumb Code   284  tft.o(.text)
    LCD_Pow                                  0x0800441b   Thumb Code    22  tft.o(.text)
    LCD_ShowNum                              0x08004431   Thumb Code   148  tft.o(.text)
    LCD_ShowxNum                             0x080044c5   Thumb Code   190  tft.o(.text)
    LCD_ShowString                           0x08004583   Thumb Code   102  tft.o(.text)
    SPI_RC522_SendByte                       0x08004601   Thumb Code    80  rc522.o(.text)
    WriteRawRC                               0x08004651   Thumb Code    46  rc522.o(.text)
    SPI_RC522_ReadByte                       0x0800467f   Thumb Code    72  rc522.o(.text)
    ReadRawRC                                0x080046c7   Thumb Code    50  rc522.o(.text)
    SetBitMask                               0x080046f9   Thumb Code    26  rc522.o(.text)
    ClearBitMask                             0x08004713   Thumb Code    26  rc522.o(.text)
    PcdComMF522                              0x0800472d   Thumb Code   306  rc522.o(.text)
    CalulateCRC                              0x0800485f   Thumb Code   108  rc522.o(.text)
    PcdRead                                  0x080048cb   Thumb Code    84  rc522.o(.text)
    PcdAuthState                             0x0800491f   Thumb Code   110  rc522.o(.text)
    PcdSelect                                0x0800498d   Thumb Code   124  rc522.o(.text)
    ShowID                                   0x08004a09   Thumb Code   270  rc522.o(.text)
    PcdAnticoll                              0x08004b17   Thumb Code   112  rc522.o(.text)
    PcdRequest                               0x08004b87   Thumb Code    84  rc522.o(.text)
    RC522_Handel                             0x08004bdb   Thumb Code   144  rc522.o(.text)
    RC522_Han                                0x08004c6b   Thumb Code   162  rc522.o(.text)
    PcdAntennaOn                             0x08004d0d   Thumb Code    26  rc522.o(.text)
    M500PcdConfigISOType                     0x08004d27   Thumb Code    84  rc522.o(.text)
    PcdReset                                 0x08004d7b   Thumb Code   124  rc522.o(.text)
    SPI1_Init                                0x08004df7   Thumb Code   330  rc522.o(.text)
    RC522_Init                               0x08004f41   Thumb Code    36  rc522.o(.text)
    PcdAntennaOff                            0x08004f65   Thumb Code    12  rc522.o(.text)
    PcdWrite                                 0x08004f71   Thumb Code   156  rc522.o(.text)
    PcdHalt                                  0x0800500d   Thumb Code    50  rc522.o(.text)
    IC_CMT                                   0x0800503f   Thumb Code    72  rc522.o(.text)
    OpenDoor                                 0x08005087   Thumb Code   240  rc522.o(.text)
    TIM8_PWM_Init                            0x08005185   Thumb Code   148  server.o(.text)
    Server_360_Forward                       0x08005219   Thumb Code    52  server.o(.text)
    Server_180_Angle                         0x0800524d   Thumb Code    44  server.o(.text)
    EXTIX_Init                               0x08005281   Thumb Code   176  exti.o(.text)
    EXTI0_IRQHandler                         0x08005331   Thumb Code    44  exti.o(.text)
    EXTI3_IRQHandler                         0x0800535d   Thumb Code    36  exti.o(.text)
    EXTI4_IRQHandler                         0x08005381   Thumb Code    42  exti.o(.text)
    STMFLASH_ReadHalfWord                    0x080053c5   Thumb Code     6  flash.o(.text)
    STMFLASH_Write_NoCheck                   0x080053cb   Thumb Code    38  flash.o(.text)
    STMFLASH_Read                            0x080053f1   Thumb Code    34  flash.o(.text)
    STMFLASH_Write                           0x08005413   Thumb Code   222  flash.o(.text)
    Test_Write                               0x080054f1   Thumb Code    16  flash.o(.text)
    Matrix_Key_Init                          0x08005509   Thumb Code   256  key1.o(.text)
    Matrix_Key_Scan                          0x08005609   Thumb Code   974  key1.o(.text)
    delay_init                               0x080059f1   Thumb Code    50  delay.o(.text)
    delay_us                                 0x08005a23   Thumb Code    72  delay.o(.text)
    delay_ms                                 0x08005a6b   Thumb Code    72  delay.o(.text)
    _sys_exit                                0x08005ac5   Thumb Code     6  usart.o(.text)
    fputc                                    0x08005acb   Thumb Code    24  usart.o(.text)
    uart_init                                0x08005ae3   Thumb Code   154  usart.o(.text)
    USART1_IRQHandler                        0x08005b7d   Thumb Code   122  usart.o(.text)
    USART2_IRQHandler                        0x08005c09   Thumb Code    94  usart2.o(.text)
    usart2_init                              0x08005c67   Thumb Code   188  usart2.o(.text)
    u2_printf                                0x08005d23   Thumb Code    72  usart2.o(.text)
    Reset_Handler                            0x08005d85   Thumb Code     8  startup_stm32f10x_hd.o(.text)
    ADC1_2_IRQHandler                        0x08005d9f   Thumb Code     0  startup_stm32f10x_hd.o(.text)
    ADC3_IRQHandler                          0x08005d9f   Thumb Code     0  startup_stm32f10x_hd.o(.text)
    CAN1_RX1_IRQHandler                      0x08005d9f   Thumb Code     0  startup_stm32f10x_hd.o(.text)
    CAN1_SCE_IRQHandler                      0x08005d9f   Thumb Code     0  startup_stm32f10x_hd.o(.text)
    DMA1_Channel1_IRQHandler                 0x08005d9f   Thumb Code     0  startup_stm32f10x_hd.o(.text)
    DMA1_Channel2_IRQHandler                 0x08005d9f   Thumb Code     0  startup_stm32f10x_hd.o(.text)
    DMA1_Channel3_IRQHandler                 0x08005d9f   Thumb Code     0  startup_stm32f10x_hd.o(.text)
    DMA1_Channel4_IRQHandler                 0x08005d9f   Thumb Code     0  startup_stm32f10x_hd.o(.text)
    DMA1_Channel5_IRQHandler                 0x08005d9f   Thumb Code     0  startup_stm32f10x_hd.o(.text)
    DMA1_Channel6_IRQHandler                 0x08005d9f   Thumb Code     0  startup_stm32f10x_hd.o(.text)
    DMA1_Channel7_IRQHandler                 0x08005d9f   Thumb Code     0  startup_stm32f10x_hd.o(.text)
    DMA2_Channel1_IRQHandler                 0x08005d9f   Thumb Code     0  startup_stm32f10x_hd.o(.text)
    DMA2_Channel2_IRQHandler                 0x08005d9f   Thumb Code     0  startup_stm32f10x_hd.o(.text)
    DMA2_Channel3_IRQHandler                 0x08005d9f   Thumb Code     0  startup_stm32f10x_hd.o(.text)
    DMA2_Channel4_5_IRQHandler               0x08005d9f   Thumb Code     0  startup_stm32f10x_hd.o(.text)
    EXTI15_10_IRQHandler                     0x08005d9f   Thumb Code     0  startup_stm32f10x_hd.o(.text)
    EXTI1_IRQHandler                         0x08005d9f   Thumb Code     0  startup_stm32f10x_hd.o(.text)
    EXTI2_IRQHandler                         0x08005d9f   Thumb Code     0  startup_stm32f10x_hd.o(.text)
    EXTI9_5_IRQHandler                       0x08005d9f   Thumb Code     0  startup_stm32f10x_hd.o(.text)
    FLASH_IRQHandler                         0x08005d9f   Thumb Code     0  startup_stm32f10x_hd.o(.text)
    FSMC_IRQHandler                          0x08005d9f   Thumb Code     0  startup_stm32f10x_hd.o(.text)
    I2C1_ER_IRQHandler                       0x08005d9f   Thumb Code     0  startup_stm32f10x_hd.o(.text)
    I2C1_EV_IRQHandler                       0x08005d9f   Thumb Code     0  startup_stm32f10x_hd.o(.text)
    I2C2_ER_IRQHandler                       0x08005d9f   Thumb Code     0  startup_stm32f10x_hd.o(.text)
    I2C2_EV_IRQHandler                       0x08005d9f   Thumb Code     0  startup_stm32f10x_hd.o(.text)
    PVD_IRQHandler                           0x08005d9f   Thumb Code     0  startup_stm32f10x_hd.o(.text)
    RCC_IRQHandler                           0x08005d9f   Thumb Code     0  startup_stm32f10x_hd.o(.text)
    RTCAlarm_IRQHandler                      0x08005d9f   Thumb Code     0  startup_stm32f10x_hd.o(.text)
    RTC_IRQHandler                           0x08005d9f   Thumb Code     0  startup_stm32f10x_hd.o(.text)
    SDIO_IRQHandler                          0x08005d9f   Thumb Code     0  startup_stm32f10x_hd.o(.text)
    SPI1_IRQHandler                          0x08005d9f   Thumb Code     0  startup_stm32f10x_hd.o(.text)
    SPI2_IRQHandler                          0x08005d9f   Thumb Code     0  startup_stm32f10x_hd.o(.text)
    SPI3_IRQHandler                          0x08005d9f   Thumb Code     0  startup_stm32f10x_hd.o(.text)
    TAMPER_IRQHandler                        0x08005d9f   Thumb Code     0  startup_stm32f10x_hd.o(.text)
    TIM1_BRK_IRQHandler                      0x08005d9f   Thumb Code     0  startup_stm32f10x_hd.o(.text)
    TIM1_CC_IRQHandler                       0x08005d9f   Thumb Code     0  startup_stm32f10x_hd.o(.text)
    TIM1_TRG_COM_IRQHandler                  0x08005d9f   Thumb Code     0  startup_stm32f10x_hd.o(.text)
    TIM1_UP_IRQHandler                       0x08005d9f   Thumb Code     0  startup_stm32f10x_hd.o(.text)
    TIM2_IRQHandler                          0x08005d9f   Thumb Code     0  startup_stm32f10x_hd.o(.text)
    TIM3_IRQHandler                          0x08005d9f   Thumb Code     0  startup_stm32f10x_hd.o(.text)
    TIM4_IRQHandler                          0x08005d9f   Thumb Code     0  startup_stm32f10x_hd.o(.text)
    TIM5_IRQHandler                          0x08005d9f   Thumb Code     0  startup_stm32f10x_hd.o(.text)
    TIM6_IRQHandler                          0x08005d9f   Thumb Code     0  startup_stm32f10x_hd.o(.text)
    TIM8_BRK_IRQHandler                      0x08005d9f   Thumb Code     0  startup_stm32f10x_hd.o(.text)
    TIM8_CC_IRQHandler                       0x08005d9f   Thumb Code     0  startup_stm32f10x_hd.o(.text)
    TIM8_TRG_COM_IRQHandler                  0x08005d9f   Thumb Code     0  startup_stm32f10x_hd.o(.text)
    TIM8_UP_IRQHandler                       0x08005d9f   Thumb Code     0  startup_stm32f10x_hd.o(.text)
    UART4_IRQHandler                         0x08005d9f   Thumb Code     0  startup_stm32f10x_hd.o(.text)
    UART5_IRQHandler                         0x08005d9f   Thumb Code     0  startup_stm32f10x_hd.o(.text)
    USBWakeUp_IRQHandler                     0x08005d9f   Thumb Code     0  startup_stm32f10x_hd.o(.text)
    USB_HP_CAN1_TX_IRQHandler                0x08005d9f   Thumb Code     0  startup_stm32f10x_hd.o(.text)
    USB_LP_CAN1_RX0_IRQHandler               0x08005d9f   Thumb Code     0  startup_stm32f10x_hd.o(.text)
    WWDG_IRQHandler                          0x08005d9f   Thumb Code     0  startup_stm32f10x_hd.o(.text)
    NVIC_PriorityGroupConfig                 0x08005da9   Thumb Code    10  misc.o(.text)
    NVIC_Init                                0x08005db3   Thumb Code   100  misc.o(.text)
    NVIC_SetVectorTable                      0x08005e17   Thumb Code    14  misc.o(.text)
    NVIC_SystemLPConfig                      0x08005e25   Thumb Code    34  misc.o(.text)
    SysTick_CLKSourceConfig                  0x08005e47   Thumb Code    40  misc.o(.text)
    GPIO_DeInit                              0x08005e85   Thumb Code   172  stm32f10x_gpio.o(.text)
    GPIO_AFIODeInit                          0x08005f31   Thumb Code    20  stm32f10x_gpio.o(.text)
    GPIO_Init                                0x08005f45   Thumb Code   278  stm32f10x_gpio.o(.text)
    GPIO_StructInit                          0x0800605b   Thumb Code    16  stm32f10x_gpio.o(.text)
    GPIO_ReadInputDataBit                    0x0800606b   Thumb Code    18  stm32f10x_gpio.o(.text)
    GPIO_ReadInputData                       0x0800607d   Thumb Code     8  stm32f10x_gpio.o(.text)
    GPIO_ReadOutputDataBit                   0x08006085   Thumb Code    18  stm32f10x_gpio.o(.text)
    GPIO_ReadOutputData                      0x08006097   Thumb Code     8  stm32f10x_gpio.o(.text)
    GPIO_SetBits                             0x0800609f   Thumb Code     4  stm32f10x_gpio.o(.text)
    GPIO_ResetBits                           0x080060a3   Thumb Code     4  stm32f10x_gpio.o(.text)
    GPIO_WriteBit                            0x080060a7   Thumb Code    10  stm32f10x_gpio.o(.text)
    GPIO_Write                               0x080060b1   Thumb Code     4  stm32f10x_gpio.o(.text)
    GPIO_PinLockConfig                       0x080060b5   Thumb Code    18  stm32f10x_gpio.o(.text)
    GPIO_EventOutputConfig                   0x080060c7   Thumb Code    26  stm32f10x_gpio.o(.text)
    GPIO_EventOutputCmd                      0x080060e1   Thumb Code     6  stm32f10x_gpio.o(.text)
    GPIO_PinRemapConfig                      0x080060e7   Thumb Code   138  stm32f10x_gpio.o(.text)
    GPIO_EXTILineConfig                      0x08006171   Thumb Code    66  stm32f10x_gpio.o(.text)
    GPIO_ETH_MediaInterfaceConfig            0x080061b3   Thumb Code     8  stm32f10x_gpio.o(.text)
    RCC_DeInit                               0x080061e1   Thumb Code    64  stm32f10x_rcc.o(.text)
    RCC_HSEConfig                            0x08006221   Thumb Code    70  stm32f10x_rcc.o(.text)
    RCC_GetFlagStatus                        0x08006267   Thumb Code    56  stm32f10x_rcc.o(.text)
    RCC_WaitForHSEStartUp                    0x0800629f   Thumb Code    56  stm32f10x_rcc.o(.text)
    RCC_AdjustHSICalibrationValue            0x080062d7   Thumb Code    20  stm32f10x_rcc.o(.text)
    RCC_HSICmd                               0x080062eb   Thumb Code     6  stm32f10x_rcc.o(.text)
    RCC_PLLConfig                            0x080062f1   Thumb Code    24  stm32f10x_rcc.o(.text)
    RCC_PLLCmd                               0x08006309   Thumb Code     6  stm32f10x_rcc.o(.text)
    RCC_SYSCLKConfig                         0x0800630f   Thumb Code    18  stm32f10x_rcc.o(.text)
    RCC_GetSYSCLKSource                      0x08006321   Thumb Code    10  stm32f10x_rcc.o(.text)
    RCC_HCLKConfig                           0x0800632b   Thumb Code    18  stm32f10x_rcc.o(.text)
    RCC_PCLK1Config                          0x0800633d   Thumb Code    18  stm32f10x_rcc.o(.text)
    RCC_PCLK2Config                          0x0800634f   Thumb Code    20  stm32f10x_rcc.o(.text)
    RCC_ITConfig                             0x08006363   Thumb Code    26  stm32f10x_rcc.o(.text)
    RCC_USBCLKConfig                         0x0800637d   Thumb Code     8  stm32f10x_rcc.o(.text)
    RCC_ADCCLKConfig                         0x08006385   Thumb Code    18  stm32f10x_rcc.o(.text)
    RCC_LSEConfig                            0x08006397   Thumb Code    50  stm32f10x_rcc.o(.text)
    RCC_LSICmd                               0x080063c9   Thumb Code     6  stm32f10x_rcc.o(.text)
    RCC_RTCCLKConfig                         0x080063cf   Thumb Code    12  stm32f10x_rcc.o(.text)
    RCC_RTCCLKCmd                            0x080063db   Thumb Code     8  stm32f10x_rcc.o(.text)
    RCC_GetClocksFreq                        0x080063e3   Thumb Code   192  stm32f10x_rcc.o(.text)
    RCC_AHBPeriphClockCmd                    0x080064a3   Thumb Code    26  stm32f10x_rcc.o(.text)
    RCC_APB2PeriphClockCmd                   0x080064bd   Thumb Code    26  stm32f10x_rcc.o(.text)
    RCC_APB1PeriphClockCmd                   0x080064d7   Thumb Code    26  stm32f10x_rcc.o(.text)
    RCC_APB2PeriphResetCmd                   0x080064f1   Thumb Code    26  stm32f10x_rcc.o(.text)
    RCC_APB1PeriphResetCmd                   0x0800650b   Thumb Code    26  stm32f10x_rcc.o(.text)
    RCC_BackupResetCmd                       0x08006525   Thumb Code     8  stm32f10x_rcc.o(.text)
    RCC_ClockSecuritySystemCmd               0x0800652d   Thumb Code     6  stm32f10x_rcc.o(.text)
    RCC_MCOConfig                            0x08006533   Thumb Code     6  stm32f10x_rcc.o(.text)
    RCC_ClearFlag                            0x08006539   Thumb Code    14  stm32f10x_rcc.o(.text)
    RCC_GetITStatus                          0x08006547   Thumb Code    20  stm32f10x_rcc.o(.text)
    RCC_ClearITPendingBit                    0x0800655b   Thumb Code     6  stm32f10x_rcc.o(.text)
    USART_DeInit                             0x08006585   Thumb Code   134  stm32f10x_usart.o(.text)
    USART_Init                               0x0800660b   Thumb Code   210  stm32f10x_usart.o(.text)
    USART_StructInit                         0x080066dd   Thumb Code    24  stm32f10x_usart.o(.text)
    USART_ClockInit                          0x080066f5   Thumb Code    34  stm32f10x_usart.o(.text)
    USART_ClockStructInit                    0x08006717   Thumb Code    12  stm32f10x_usart.o(.text)
    USART_Cmd                                0x08006723   Thumb Code    24  stm32f10x_usart.o(.text)
    USART_ITConfig                           0x0800673b   Thumb Code    74  stm32f10x_usart.o(.text)
    USART_DMACmd                             0x08006785   Thumb Code    18  stm32f10x_usart.o(.text)
    USART_SetAddress                         0x08006797   Thumb Code    18  stm32f10x_usart.o(.text)
    USART_WakeUpConfig                       0x080067a9   Thumb Code    18  stm32f10x_usart.o(.text)
    USART_ReceiverWakeUpCmd                  0x080067bb   Thumb Code    24  stm32f10x_usart.o(.text)
    USART_LINBreakDetectLengthConfig         0x080067d3   Thumb Code    18  stm32f10x_usart.o(.text)
    USART_LINCmd                             0x080067e5   Thumb Code    24  stm32f10x_usart.o(.text)
    USART_SendData                           0x080067fd   Thumb Code     8  stm32f10x_usart.o(.text)
    USART_ReceiveData                        0x08006805   Thumb Code    10  stm32f10x_usart.o(.text)
    USART_SendBreak                          0x0800680f   Thumb Code    10  stm32f10x_usart.o(.text)
    USART_SetGuardTime                       0x08006819   Thumb Code    16  stm32f10x_usart.o(.text)
    USART_SetPrescaler                       0x08006829   Thumb Code    16  stm32f10x_usart.o(.text)
    USART_SmartCardCmd                       0x08006839   Thumb Code    24  stm32f10x_usart.o(.text)
    USART_SmartCardNACKCmd                   0x08006851   Thumb Code    24  stm32f10x_usart.o(.text)
    USART_HalfDuplexCmd                      0x08006869   Thumb Code    24  stm32f10x_usart.o(.text)
    USART_OverSampling8Cmd                   0x08006881   Thumb Code    22  stm32f10x_usart.o(.text)
    USART_OneBitMethodCmd                    0x08006897   Thumb Code    24  stm32f10x_usart.o(.text)
    USART_IrDAConfig                         0x080068af   Thumb Code    18  stm32f10x_usart.o(.text)
    USART_IrDACmd                            0x080068c1   Thumb Code    24  stm32f10x_usart.o(.text)
    USART_GetFlagStatus                      0x080068d9   Thumb Code    26  stm32f10x_usart.o(.text)
    USART_ClearFlag                          0x080068f3   Thumb Code    18  stm32f10x_usart.o(.text)
    USART_GetITStatus                        0x08006905   Thumb Code    84  stm32f10x_usart.o(.text)
    USART_ClearITPendingBit                  0x08006959   Thumb Code    52  stm32f10x_usart.o(.text)
    TIM_DeInit                               0x0800698d   Thumb Code   424  stm32f10x_tim.o(.text)
    TIM_TimeBaseInit                         0x08006b35   Thumb Code   122  stm32f10x_tim.o(.text)
    TIM_OC1Init                              0x08006baf   Thumb Code   132  stm32f10x_tim.o(.text)
    TIM_OC2Init                              0x08006c33   Thumb Code   154  stm32f10x_tim.o(.text)
    TIM_OC3Init                              0x08006ccd   Thumb Code   150  stm32f10x_tim.o(.text)
    TIM_OC4Init                              0x08006d63   Thumb Code   182  stm32f10x_tim.o(.text)
    TIM_SetIC4Prescaler                      0x08006e19   Thumb Code    26  stm32f10x_tim.o(.text)
    TIM_SetIC3Prescaler                      0x08006eb5   Thumb Code    18  stm32f10x_tim.o(.text)
    TIM_SetIC2Prescaler                      0x08006f41   Thumb Code    26  stm32f10x_tim.o(.text)
    TIM_SetIC1Prescaler                      0x08006fdd   Thumb Code    18  stm32f10x_tim.o(.text)
    TIM_ICInit                               0x0800705b   Thumb Code   150  stm32f10x_tim.o(.text)
    TIM_PWMIConfig                           0x080070f1   Thumb Code   124  stm32f10x_tim.o(.text)
    TIM_BDTRConfig                           0x0800716d   Thumb Code    32  stm32f10x_tim.o(.text)
    TIM_TimeBaseStructInit                   0x0800718d   Thumb Code    18  stm32f10x_tim.o(.text)
    TIM_OCStructInit                         0x0800719f   Thumb Code    20  stm32f10x_tim.o(.text)
    TIM_ICStructInit                         0x080071b3   Thumb Code    18  stm32f10x_tim.o(.text)
    TIM_BDTRStructInit                       0x080071c5   Thumb Code    40  stm32f10x_tim.o(.text)
    TIM_Cmd                                  0x080071ed   Thumb Code    24  stm32f10x_tim.o(.text)
    TIM_CtrlPWMOutputs                       0x08007205   Thumb Code    30  stm32f10x_tim.o(.text)
    TIM_ITConfig                             0x08007223   Thumb Code    18  stm32f10x_tim.o(.text)
    TIM_GenerateEvent                        0x08007235   Thumb Code     4  stm32f10x_tim.o(.text)
    TIM_DMAConfig                            0x08007239   Thumb Code    10  stm32f10x_tim.o(.text)
    TIM_DMACmd                               0x08007243   Thumb Code    18  stm32f10x_tim.o(.text)
    TIM_InternalClockConfig                  0x08007255   Thumb Code    12  stm32f10x_tim.o(.text)
    TIM_SelectInputTrigger                   0x08007261   Thumb Code    18  stm32f10x_tim.o(.text)
    TIM_ITRxExternalClockConfig              0x08007273   Thumb Code    24  stm32f10x_tim.o(.text)
    TIM_TIxExternalClockConfig               0x0800728b   Thumb Code    62  stm32f10x_tim.o(.text)
    TIM_ETRConfig                            0x080072c9   Thumb Code    28  stm32f10x_tim.o(.text)
    TIM_ETRClockMode1Config                  0x080072e5   Thumb Code    54  stm32f10x_tim.o(.text)
    TIM_ETRClockMode2Config                  0x0800731b   Thumb Code    32  stm32f10x_tim.o(.text)
    TIM_PrescalerConfig                      0x0800733b   Thumb Code     6  stm32f10x_tim.o(.text)
    TIM_CounterModeConfig                    0x08007341   Thumb Code    18  stm32f10x_tim.o(.text)
    TIM_EncoderInterfaceConfig               0x08007353   Thumb Code    66  stm32f10x_tim.o(.text)
    TIM_ForcedOC1Config                      0x08007395   Thumb Code    18  stm32f10x_tim.o(.text)
    TIM_ForcedOC2Config                      0x080073a7   Thumb Code    26  stm32f10x_tim.o(.text)
    TIM_ForcedOC3Config                      0x080073c1   Thumb Code    18  stm32f10x_tim.o(.text)
    TIM_ForcedOC4Config                      0x080073d3   Thumb Code    26  stm32f10x_tim.o(.text)
    TIM_ARRPreloadConfig                     0x080073ed   Thumb Code    24  stm32f10x_tim.o(.text)
    TIM_SelectCOM                            0x08007405   Thumb Code    24  stm32f10x_tim.o(.text)
    TIM_SelectCCDMA                          0x0800741d   Thumb Code    24  stm32f10x_tim.o(.text)
    TIM_CCPreloadControl                     0x08007435   Thumb Code    24  stm32f10x_tim.o(.text)
    TIM_OC1PreloadConfig                     0x0800744d   Thumb Code    18  stm32f10x_tim.o(.text)
    TIM_OC2PreloadConfig                     0x0800745f   Thumb Code    26  stm32f10x_tim.o(.text)
    TIM_OC3PreloadConfig                     0x08007479   Thumb Code    18  stm32f10x_tim.o(.text)
    TIM_OC4PreloadConfig                     0x0800748b   Thumb Code    26  stm32f10x_tim.o(.text)
    TIM_OC1FastConfig                        0x080074a5   Thumb Code    18  stm32f10x_tim.o(.text)
    TIM_OC2FastConfig                        0x080074b7   Thumb Code    26  stm32f10x_tim.o(.text)
    TIM_OC3FastConfig                        0x080074d1   Thumb Code    18  stm32f10x_tim.o(.text)
    TIM_OC4FastConfig                        0x080074e3   Thumb Code    26  stm32f10x_tim.o(.text)
    TIM_ClearOC1Ref                          0x080074fd   Thumb Code    18  stm32f10x_tim.o(.text)
    TIM_ClearOC2Ref                          0x0800750f   Thumb Code    24  stm32f10x_tim.o(.text)
    TIM_ClearOC3Ref                          0x08007527   Thumb Code    18  stm32f10x_tim.o(.text)
    TIM_ClearOC4Ref                          0x08007539   Thumb Code    24  stm32f10x_tim.o(.text)
    TIM_OC1PolarityConfig                    0x08007551   Thumb Code    18  stm32f10x_tim.o(.text)
    TIM_OC1NPolarityConfig                   0x08007563   Thumb Code    18  stm32f10x_tim.o(.text)
    TIM_OC2PolarityConfig                    0x08007575   Thumb Code    26  stm32f10x_tim.o(.text)
    TIM_OC2NPolarityConfig                   0x0800758f   Thumb Code    26  stm32f10x_tim.o(.text)
    TIM_OC3PolarityConfig                    0x080075a9   Thumb Code    26  stm32f10x_tim.o(.text)
    TIM_OC3NPolarityConfig                   0x080075c3   Thumb Code    26  stm32f10x_tim.o(.text)
    TIM_OC4PolarityConfig                    0x080075dd   Thumb Code    26  stm32f10x_tim.o(.text)
    TIM_CCxCmd                               0x080075f7   Thumb Code    30  stm32f10x_tim.o(.text)
    TIM_CCxNCmd                              0x08007615   Thumb Code    30  stm32f10x_tim.o(.text)
    TIM_SelectOCxM                           0x08007633   Thumb Code    82  stm32f10x_tim.o(.text)
    TIM_UpdateDisableConfig                  0x08007685   Thumb Code    24  stm32f10x_tim.o(.text)
    TIM_UpdateRequestConfig                  0x0800769d   Thumb Code    24  stm32f10x_tim.o(.text)
    TIM_SelectHallSensor                     0x080076b5   Thumb Code    24  stm32f10x_tim.o(.text)
    TIM_SelectOnePulseMode                   0x080076cd   Thumb Code    18  stm32f10x_tim.o(.text)
    TIM_SelectOutputTrigger                  0x080076df   Thumb Code    18  stm32f10x_tim.o(.text)
    TIM_SelectSlaveMode                      0x080076f1   Thumb Code    18  stm32f10x_tim.o(.text)
    TIM_SelectMasterSlaveMode                0x08007703   Thumb Code    18  stm32f10x_tim.o(.text)
    TIM_SetCounter                           0x08007715   Thumb Code     4  stm32f10x_tim.o(.text)
    TIM_SetAutoreload                        0x08007719   Thumb Code     4  stm32f10x_tim.o(.text)
    TIM_SetCompare1                          0x0800771d   Thumb Code     4  stm32f10x_tim.o(.text)
    TIM_SetCompare2                          0x08007721   Thumb Code     4  stm32f10x_tim.o(.text)
    TIM_SetCompare3                          0x08007725   Thumb Code     4  stm32f10x_tim.o(.text)
    TIM_SetCompare4                          0x08007729   Thumb Code     6  stm32f10x_tim.o(.text)
    TIM_SetClockDivision                     0x0800772f   Thumb Code    18  stm32f10x_tim.o(.text)
    TIM_GetCapture1                          0x08007741   Thumb Code     6  stm32f10x_tim.o(.text)
    TIM_GetCapture2                          0x08007747   Thumb Code     6  stm32f10x_tim.o(.text)
    TIM_GetCapture3                          0x0800774d   Thumb Code     6  stm32f10x_tim.o(.text)
    TIM_GetCapture4                          0x08007753   Thumb Code     8  stm32f10x_tim.o(.text)
    TIM_GetCounter                           0x0800775b   Thumb Code     6  stm32f10x_tim.o(.text)
    TIM_GetPrescaler                         0x08007761   Thumb Code     6  stm32f10x_tim.o(.text)
    TIM_GetFlagStatus                        0x08007767   Thumb Code    18  stm32f10x_tim.o(.text)
    TIM_ClearFlag                            0x08007779   Thumb Code     6  stm32f10x_tim.o(.text)
    TIM_GetITStatus                          0x0800777f   Thumb Code    34  stm32f10x_tim.o(.text)
    TIM_ClearITPendingBit                    0x080077a1   Thumb Code     6  stm32f10x_tim.o(.text)
    FSMC_NORSRAMDeInit                       0x080077a9   Thumb Code    54  stm32f10x_fsmc.o(.text)
    FSMC_NANDDeInit                          0x080077df   Thumb Code    62  stm32f10x_fsmc.o(.text)
    FSMC_PCCARDDeInit                        0x0800781d   Thumb Code    36  stm32f10x_fsmc.o(.text)
    FSMC_NORSRAMInit                         0x08007841   Thumb Code   230  stm32f10x_fsmc.o(.text)
    FSMC_NANDInit                            0x08007927   Thumb Code   132  stm32f10x_fsmc.o(.text)
    FSMC_PCCARDInit                          0x080079ab   Thumb Code   130  stm32f10x_fsmc.o(.text)
    FSMC_NORSRAMStructInit                   0x08007a2d   Thumb Code   114  stm32f10x_fsmc.o(.text)
    FSMC_NANDStructInit                      0x08007a9f   Thumb Code    54  stm32f10x_fsmc.o(.text)
    FSMC_PCCARDStructInit                    0x08007ad5   Thumb Code    60  stm32f10x_fsmc.o(.text)
    FSMC_NORSRAMCmd                          0x08007b11   Thumb Code    46  stm32f10x_fsmc.o(.text)
    FSMC_NANDCmd                             0x08007b3f   Thumb Code    86  stm32f10x_fsmc.o(.text)
    FSMC_PCCARDCmd                           0x08007b95   Thumb Code    44  stm32f10x_fsmc.o(.text)
    FSMC_NANDECCCmd                          0x08007bc1   Thumb Code    90  stm32f10x_fsmc.o(.text)
    FSMC_GetECC                              0x08007c1b   Thumb Code    24  stm32f10x_fsmc.o(.text)
    FSMC_ITConfig                            0x08007c33   Thumb Code   128  stm32f10x_fsmc.o(.text)
    FSMC_GetFlagStatus                       0x08007cb3   Thumb Code    54  stm32f10x_fsmc.o(.text)
    FSMC_ClearFlag                           0x08007ce9   Thumb Code    62  stm32f10x_fsmc.o(.text)
    FSMC_GetITStatus                         0x08007d27   Thumb Code    64  stm32f10x_fsmc.o(.text)
    FSMC_ClearITPendingBit                   0x08007d67   Thumb Code    68  stm32f10x_fsmc.o(.text)
    EXTI_DeInit                              0x08007db5   Thumb Code    28  stm32f10x_exti.o(.text)
    EXTI_Init                                0x08007dd1   Thumb Code   142  stm32f10x_exti.o(.text)
    EXTI_StructInit                          0x08007e5f   Thumb Code    16  stm32f10x_exti.o(.text)
    EXTI_GenerateSWInterrupt                 0x08007e6f   Thumb Code    16  stm32f10x_exti.o(.text)
    EXTI_GetFlagStatus                       0x08007e7f   Thumb Code    22  stm32f10x_exti.o(.text)
    EXTI_ClearFlag                           0x08007e95   Thumb Code     8  stm32f10x_exti.o(.text)
    EXTI_GetITStatus                         0x08007e9d   Thumb Code    34  stm32f10x_exti.o(.text)
    EXTI_ClearITPendingBit                   0x08007ebf   Thumb Code     8  stm32f10x_exti.o(.text)
    FLASH_SetLatency                         0x08007ed1   Thumb Code    18  stm32f10x_flash.o(.text)
    FLASH_HalfCycleAccessCmd                 0x08007ee3   Thumb Code    22  stm32f10x_flash.o(.text)
    FLASH_PrefetchBufferCmd                  0x08007ef9   Thumb Code    22  stm32f10x_flash.o(.text)
    FLASH_Unlock                             0x08007f0f   Thumb Code    12  stm32f10x_flash.o(.text)
    FLASH_UnlockBank1                        0x08007f1b   Thumb Code    12  stm32f10x_flash.o(.text)
    FLASH_Lock                               0x08007f27   Thumb Code    14  stm32f10x_flash.o(.text)
    FLASH_LockBank1                          0x08007f35   Thumb Code    14  stm32f10x_flash.o(.text)
    FLASH_GetBank1Status                     0x08007f43   Thumb Code    48  stm32f10x_flash.o(.text)
    FLASH_WaitForLastOperation               0x08007f73   Thumb Code    38  stm32f10x_flash.o(.text)
    FLASH_ErasePage                          0x08007f99   Thumb Code    72  stm32f10x_flash.o(.text)
    FLASH_EraseAllPages                      0x08007fe1   Thumb Code    68  stm32f10x_flash.o(.text)
    FLASH_WaitForLastBank1Operation          0x08008025   Thumb Code    38  stm32f10x_flash.o(.text)
    FLASH_EraseAllBank1Pages                 0x0800804b   Thumb Code    68  stm32f10x_flash.o(.text)
    FLASH_GetReadOutProtectionStatus         0x0800808f   Thumb Code    20  stm32f10x_flash.o(.text)
    FLASH_EraseOptionBytes                   0x080080a3   Thumb Code   150  stm32f10x_flash.o(.text)
    FLASH_ProgramWord                        0x08008139   Thumb Code   102  stm32f10x_flash.o(.text)
    FLASH_ProgramHalfWord                    0x0800819f   Thumb Code    60  stm32f10x_flash.o(.text)
    FLASH_ProgramOptionByteData              0x080081db   Thumb Code    72  stm32f10x_flash.o(.text)
    FLASH_EnableWriteProtection              0x08008223   Thumb Code   200  stm32f10x_flash.o(.text)
    FLASH_ReadOutProtection                  0x080082eb   Thumb Code   156  stm32f10x_flash.o(.text)
    FLASH_UserOptionByteConfig               0x08008387   Thumb Code    88  stm32f10x_flash.o(.text)
    FLASH_GetUserOptionByte                  0x080083df   Thumb Code     8  stm32f10x_flash.o(.text)
    FLASH_GetWriteProtectionOptionByte       0x080083e7   Thumb Code     6  stm32f10x_flash.o(.text)
    FLASH_GetPrefetchBufferStatus            0x080083ed   Thumb Code    20  stm32f10x_flash.o(.text)
    FLASH_ITConfig                           0x08008401   Thumb Code    26  stm32f10x_flash.o(.text)
    FLASH_GetFlagStatus                      0x0800841b   Thumb Code    42  stm32f10x_flash.o(.text)
    FLASH_ClearFlag                          0x08008445   Thumb Code     6  stm32f10x_flash.o(.text)
    FLASH_GetStatus                          0x0800844b   Thumb Code    48  stm32f10x_flash.o(.text)
    __aeabi_memcpy                           0x0800848d   Thumb Code    36  memcpya.o(.text)
    __aeabi_memcpy4                          0x0800848d   Thumb Code     0  memcpya.o(.text)
    __aeabi_memcpy8                          0x0800848d   Thumb Code     0  memcpya.o(.text)
    strlen                                   0x080084b1   Thumb Code    14  strlen.o(.text)
    strcmp                                   0x080084bf   Thumb Code    28  strcmp.o(.text)
    __aeabi_dmul                             0x080084db   Thumb Code   228  dmul.o(.text)
    __aeabi_ui2d                             0x080085bf   Thumb Code    26  dfltui.o(.text)
    __aeabi_d2uiz                            0x080085d9   Thumb Code    50  dfixui.o(.text)
    __aeabi_uidiv                            0x0800860b   Thumb Code     0  uidiv.o(.text)
    __aeabi_uidivmod                         0x0800860b   Thumb Code    44  uidiv.o(.text)
    __aeabi_uldivmod                         0x08008637   Thumb Code    98  uldiv.o(.text)
    __aeabi_llsr                             0x08008699   Thumb Code    32  llushr.o(.text)
    _ll_ushift_r                             0x08008699   Thumb Code     0  llushr.o(.text)
    __I$use$fp                               0x080086b9   Thumb Code     0  iusefp.o(.text)
    _double_round                            0x080086b9   Thumb Code    30  depilogue.o(.text)
    _double_epilogue                         0x080086d7   Thumb Code   156  depilogue.o(.text)
    __aeabi_dadd                             0x08008773   Thumb Code   322  dadd.o(.text)
    __aeabi_dsub                             0x080088b5   Thumb Code     6  dadd.o(.text)
    __aeabi_drsub                            0x080088bb   Thumb Code     6  dadd.o(.text)
    __aeabi_ddiv                             0x080088c1   Thumb Code   222  ddiv.o(.text)
    __aeabi_d2ulz                            0x0800899f   Thumb Code    48  dfixul.o(.text)
    __aeabi_cdrcmple                         0x080089d1   Thumb Code    48  cdrcmple.o(.text)
    __scatterload                            0x08008a01   Thumb Code    28  init.o(.text)
    __scatterload_rt2                        0x08008a01   Thumb Code     0  init.o(.text)
    __aeabi_llsl                             0x08008a25   Thumb Code    30  llshl.o(.text)
    _ll_shift_l                              0x08008a25   Thumb Code     0  llshl.o(.text)
    __aeabi_lasr                             0x08008a43   Thumb Code    36  llsshr.o(.text)
    _ll_sshift_r                             0x08008a43   Thumb Code     0  llsshr.o(.text)
    __0printf$5                              0x08008a69   Thumb Code    22  printf5.o(i.__0printf$5)
    __1printf$5                              0x08008a69   Thumb Code     0  printf5.o(i.__0printf$5)
    __2printf                                0x08008a69   Thumb Code     0  printf5.o(i.__0printf$5)
    __0vsprintf                              0x08008a89   Thumb Code    30  printfa.o(i.__0vsprintf)
    __1vsprintf                              0x08008a89   Thumb Code     0  printfa.o(i.__0vsprintf)
    __2vsprintf                              0x08008a89   Thumb Code     0  printfa.o(i.__0vsprintf)
    __c89vsprintf                            0x08008a89   Thumb Code     0  printfa.o(i.__0vsprintf)
    vsprintf                                 0x08008a89   Thumb Code     0  printfa.o(i.__0vsprintf)
    __scatterload_copy                       0x08008aad   Thumb Code    14  handlers.o(i.__scatterload_copy)
    __scatterload_null                       0x08008abb   Thumb Code     2  handlers.o(i.__scatterload_null)
    __scatterload_zeroinit                   0x08008abd   Thumb Code    14  handlers.o(i.__scatterload_zeroinit)
    asc2_1206                                0x08009648   Data        1140  tft.o(.constdata)
    asc2_1608                                0x08009abc   Data        1520  tft.o(.constdata)
    asc2_2412                                0x0800a0ac   Data        3420  tft.o(.constdata)
    Region$$Table$$Base                      0x0800ae08   Number         0  anon$$obj.o(Region$$Table)
    Region$$Table$$Limit                     0x0800ae28   Number         0  anon$$obj.o(Region$$Table)
    lock_flag                                0x20000000   Data           1  main.o(.data)
    lock_Lcd_flag                            0x20000001   Data           1  main.o(.data)
    lcd_clear_flage                          0x20000002   Data           1  main.o(.data)
    Password2                                0x20000003   Data           7  main.o(.data)
    Password                                 0x2000000a   Data           6  main.o(.data)
    flag                                     0x20000010   Data           1  main.o(.data)
    Password1                                0x20000011   Data           7  main.o(.data)
    Password_count                           0x20000018   Data           1  main.o(.data)
    a_c                                      0x2000001c   Data           4  main.o(.data)
    b_c                                      0x20000020   Data           4  main.o(.data)
    c_c                                      0x20000024   Data           4  main.o(.data)
    d_c                                      0x20000028   Data           4  main.o(.data)
    key_back                                 0x2000002c   Data           1  main.o(.data)
    flag_key_back                            0x2000002d   Data           1  main.o(.data)
    flag_key_back1                           0x2000002e   Data           1  main.o(.data)
    flag_key_data                            0x20000030   Data           2  main.o(.data)
    flag_key                                 0x20000034   Data           4  main.o(.data)
    SystemCoreClock                          0x2000003c   Data           4  system_stm32f10x.o(.data)
    AHBPrescTable                            0x20000040   Data          16  system_stm32f10x.o(.data)
    USART3_RX_STA                            0x20000050   Data           2  usart3.o(.data)
    POINT_COLOR                              0x20000054   Data           2  tft.o(.data)
    BACK_COLOR                               0x20000056   Data           2  tft.o(.data)
    CT                                       0x20000058   Data           2  rc522.o(.data)
    SN                                       0x2000005a   Data           4  rc522.o(.data)
    lxl_bit                                  0x2000005e   Data           1  rc522.o(.data)
    card1_bit                                0x2000005f   Data           1  rc522.o(.data)
    card2_bit                                0x20000060   Data           1  rc522.o(.data)
    card3_bit                                0x20000061   Data           1  rc522.o(.data)
    card4_bit                                0x20000062   Data           1  rc522.o(.data)
    total                                    0x20000063   Data           1  rc522.o(.data)
    lxl                                      0x20000064   Data           4  rc522.o(.data)
    card_1                                   0x20000068   Data           4  rc522.o(.data)
    card_2                                   0x2000006c   Data           4  rc522.o(.data)
    card_3                                   0x20000070   Data           4  rc522.o(.data)
    card_4                                   0x20000074   Data           4  rc522.o(.data)
    KEY                                      0x20000078   Data           6  rc522.o(.data)
    AUDIO_OPEN                               0x2000007e   Data           6  rc522.o(.data)
    RFID1                                    0x20000084   Data          16  rc522.o(.data)
    status                                   0x20000094   Data           1  rc522.o(.data)
    s                                        0x20000095   Data           1  rc522.o(.data)
    ShowON                                   0x20000096   Data           1  rc522.o(.data)
    snr                                      0x20000097   Data           1  rc522.o(.data)
    TagType                                  0x20000098   Data           2  rc522.o(.data)
    SelectedSnr                              0x2000009a   Data           4  rc522.o(.data)
    DefaultKey                               0x2000009e   Data           6  rc522.o(.data)
    a                                        0x200000a4   Data           4  rc522.o(.data)
    OK_status                                0x200000a8   Data           1  rc522.o(.data)
    Y1                                       0x200000a9   Data           1  key1.o(.data)
    Y2                                       0x200000aa   Data           1  key1.o(.data)
    Y3                                       0x200000ab   Data           1  key1.o(.data)
    Y4                                       0x200000ac   Data           1  key1.o(.data)
    __stdout                                 0x200000b4   Data           4  usart.o(.data)
    USART_RX_STA                             0x200000b8   Data           2  usart.o(.data)
    USART2_RX_STA                            0x200000ba   Data           2  usart2.o(.data)
    USART3_RX_BUF                            0x200000d0   Data         600  usart3.o(.bss)
    USART3_TX_BUF                            0x20000328   Data         600  usart3.o(.bss)
    lcddev                                   0x20000580   Data          14  tft.o(.bss)
    RFID                                     0x2000058e   Data          16  rc522.o(.bss)
    ss                                       0x2000059e   Data         255  rc522.o(.bss)
    buf                                      0x2000069d   Data          16  rc522.o(.bss)
    buf1                                     0x200006ad   Data          16  rc522.o(.bss)
    buf2                                     0x200006bd   Data          16  rc522.o(.bss)
    STMFLASH_BUF                             0x200006ce   Data        2048  flash.o(.bss)
    USART_RX_BUF                             0x20000ece   Data         200  usart.o(.bss)
    USART2_RX_BUF                            0x20000f96   Data         600  usart2.o(.bss)
    USART2_TX_BUF                            0x200011ee   Data         600  usart2.o(.bss)
    __initial_sp                             0x20001848   Data           0  startup_stm32f10x_hd.o(STACK)



==============================================================================

Memory Map of the image

  Image Entry point : 0x08000131

  Load Region LR_IROM1 (Base: 0x08000000, Size: 0x0000aef8, Max: 0x00080000, ABSOLUTE)

    Execution Region ER_IROM1 (Exec base: 0x08000000, Load base: 0x08000000, Size: 0x0000ae28, Max: 0x00080000, ABSOLUTE)

    Exec Addr    Load Addr    Size         Type   Attr      Idx    E Section Name        Object

    0x08000000   0x08000000   0x00000130   Data   RO          490    RESET               startup_stm32f10x_hd.o
    0x08000130   0x08000130   0x00000000   Code   RO          605  * .ARM.Collect$$$$00000000  mc_w.l(entry.o)
    0x08000130   0x08000130   0x00000004   Code   RO          885    .ARM.Collect$$$$00000001  mc_w.l(entry2.o)
    0x08000134   0x08000134   0x00000004   Code   RO          888    .ARM.Collect$$$$00000004  mc_w.l(entry5.o)
    0x08000138   0x08000138   0x00000000   Code   RO          890    .ARM.Collect$$$$00000008  mc_w.l(entry7b.o)
    0x08000138   0x08000138   0x00000000   Code   RO          892    .ARM.Collect$$$$0000000A  mc_w.l(entry8b.o)
    0x08000138   0x08000138   0x00000008   Code   RO          893    .ARM.Collect$$$$0000000B  mc_w.l(entry9a.o)
    0x08000140   0x08000140   0x00000000   Code   RO          895    .ARM.Collect$$$$0000000D  mc_w.l(entry10a.o)
    0x08000140   0x08000140   0x00000000   Code   RO          897    .ARM.Collect$$$$0000000F  mc_w.l(entry11a.o)
    0x08000140   0x08000140   0x00000004   Code   RO          886    .ARM.Collect$$$$00002712  mc_w.l(entry2.o)
    0x08000144   0x08000144   0x00000b48   Code   RO            1    .text               main.o
    0x08000c8c   0x08000c8c   0x0000001a   Code   RO          162    .text               stm32f10x_it.o
    0x08000ca6   0x08000ca6   0x00000002   PAD
    0x08000ca8   0x08000ca8   0x000001e0   Code   RO          203    .text               system_stm32f10x.o
    0x08000e88   0x08000e88   0x0000008c   Code   RO          233    .text               timer.o
    0x08000f14   0x08000f14   0x0000017c   Code   RO          246    .text               usart3.o
    0x08001090   0x08001090   0x000000d8   Code   RO          272    .text               key.o
    0x08001168   0x08001168   0x0000004c   Code   RO          288    .text               led.o
    0x080011b4   0x080011b4   0x0000344c   Code   RO          300    .text               tft.o
    0x08004600   0x08004600   0x00000b84   Code   RO          330    .text               rc522.o
    0x08005184   0x08005184   0x000000fc   Code   RO          350    .text               server.o
    0x08005280   0x08005280   0x00000144   Code   RO          362    .text               exti.o
    0x080053c4   0x080053c4   0x00000144   Code   RO          375    .text               flash.o
    0x08005508   0x08005508   0x000004e8   Code   RO          390    .text               key1.o
    0x080059f0   0x080059f0   0x000000d4   Code   RO          405    .text               delay.o
    0x08005ac4   0x08005ac4   0x00000144   Code   RO          436    .text               usart.o
    0x08005c08   0x08005c08   0x0000017c   Code   RO          459    .text               usart2.o
    0x08005d84   0x08005d84   0x00000024   Code   RO          491    .text               startup_stm32f10x_hd.o
    0x08005da8   0x08005da8   0x000000dc   Code   RO          495    .text               misc.o
    0x08005e84   0x08005e84   0x0000035c   Code   RO          507    .text               stm32f10x_gpio.o
    0x080061e0   0x080061e0   0x000003a4   Code   RO          519    .text               stm32f10x_rcc.o
    0x08006584   0x08006584   0x00000408   Code   RO          533    .text               stm32f10x_usart.o
    0x0800698c   0x0800698c   0x00000e1a   Code   RO          545    .text               stm32f10x_tim.o
    0x080077a6   0x080077a6   0x00000002   PAD
    0x080077a8   0x080077a8   0x0000060c   Code   RO          557    .text               stm32f10x_fsmc.o
    0x08007db4   0x08007db4   0x0000011c   Code   RO          581    .text               stm32f10x_exti.o
    0x08007ed0   0x08007ed0   0x000005bc   Code   RO          593    .text               stm32f10x_flash.o
    0x0800848c   0x0800848c   0x00000024   Code   RO          608    .text               mc_w.l(memcpya.o)
    0x080084b0   0x080084b0   0x0000000e   Code   RO          612    .text               mc_w.l(strlen.o)
    0x080084be   0x080084be   0x0000001c   Code   RO          614    .text               mc_w.l(strcmp.o)
    0x080084da   0x080084da   0x000000e4   Code   RO          879    .text               mf_w.l(dmul.o)
    0x080085be   0x080085be   0x0000001a   Code   RO          881    .text               mf_w.l(dfltui.o)
    0x080085d8   0x080085d8   0x00000032   Code   RO          883    .text               mf_w.l(dfixui.o)
    0x0800860a   0x0800860a   0x0000002c   Code   RO          899    .text               mc_w.l(uidiv.o)
    0x08008636   0x08008636   0x00000062   Code   RO          901    .text               mc_w.l(uldiv.o)
    0x08008698   0x08008698   0x00000020   Code   RO          903    .text               mc_w.l(llushr.o)
    0x080086b8   0x080086b8   0x00000000   Code   RO          905    .text               mc_w.l(iusefp.o)
    0x080086b8   0x080086b8   0x000000ba   Code   RO          906    .text               mf_w.l(depilogue.o)
    0x08008772   0x08008772   0x0000014e   Code   RO          908    .text               mf_w.l(dadd.o)
    0x080088c0   0x080088c0   0x000000de   Code   RO          910    .text               mf_w.l(ddiv.o)
    0x0800899e   0x0800899e   0x00000030   Code   RO          912    .text               mf_w.l(dfixul.o)
    0x080089ce   0x080089ce   0x00000002   PAD
    0x080089d0   0x080089d0   0x00000030   Code   RO          914    .text               mf_w.l(cdrcmple.o)
    0x08008a00   0x08008a00   0x00000024   Code   RO          916    .text               mc_w.l(init.o)
    0x08008a24   0x08008a24   0x0000001e   Code   RO          918    .text               mc_w.l(llshl.o)
    0x08008a42   0x08008a42   0x00000024   Code   RO          920    .text               mc_w.l(llsshr.o)
    0x08008a66   0x08008a66   0x00000002   PAD
    0x08008a68   0x08008a68   0x00000020   Code   RO          751    i.__0printf$5       mc_w.l(printf5.o)
    0x08008a88   0x08008a88   0x00000024   Code   RO          857    i.__0vsprintf       mc_w.l(printfa.o)
    0x08008aac   0x08008aac   0x0000000e   Code   RO          924    i.__scatterload_copy  mc_w.l(handlers.o)
    0x08008aba   0x08008aba   0x00000002   Code   RO          925    i.__scatterload_null  mc_w.l(handlers.o)
    0x08008abc   0x08008abc   0x0000000e   Code   RO          926    i.__scatterload_zeroinit  mc_w.l(handlers.o)
    0x08008aca   0x08008aca   0x00000002   PAD
    0x08008acc   0x08008acc   0x00000184   Code   RO          858    i._fp_digits        mc_w.l(printfa.o)
    0x08008c50   0x08008c50   0x000002c0   Code   RO          758    i._printf_core      mc_w.l(printf5.o)
    0x08008f10   0x08008f10   0x000006dc   Code   RO          859    i._printf_core      mc_w.l(printfa.o)
    0x080095ec   0x080095ec   0x00000024   Code   RO          860    i._printf_post_padding  mc_w.l(printfa.o)
    0x08009610   0x08009610   0x0000002e   Code   RO          861    i._printf_pre_padding  mc_w.l(printfa.o)
    0x0800963e   0x0800963e   0x0000000a   Code   RO          863    i._sputc            mc_w.l(printfa.o)
    0x08009648   0x08009648   0x000017c0   Data   RO          302    .constdata          tft.o
    0x0800ae08   0x0800ae08   0x00000020   Data   RO          922    Region$$Table       anon$$obj.o


    Execution Region RW_IRAM1 (Exec base: 0x20000000, Load base: 0x0800ae28, Size: 0x00001848, Max: 0x00010000, ABSOLUTE)

    Exec Addr    Load Addr    Size         Type   Attr      Idx    E Section Name        Object

    0x20000000   0x0800ae28   0x0000003c   Data   RW            2    .data               main.o
    0x2000003c   0x0800ae64   0x00000014   Data   RW          204    .data               system_stm32f10x.o
    0x20000050   0x0800ae78   0x00000002   Data   RW          248    .data               usart3.o
    0x20000052   0x0800ae7a   0x00000001   Data   RW          273    .data               key.o
    0x20000053   0x0800ae7b   0x00000001   PAD
    0x20000054   0x0800ae7c   0x00000004   Data   RW          303    .data               tft.o
    0x20000058   0x0800ae80   0x00000051   Data   RW          332    .data               rc522.o
    0x200000a9   0x0800aed1   0x00000005   Data   RW          391    .data               key1.o
    0x200000ae   0x0800aed6   0x00000004   Data   RW          406    .data               delay.o
    0x200000b2   0x0800aeda   0x00000002   PAD
    0x200000b4   0x0800aedc   0x00000006   Data   RW          438    .data               usart.o
    0x200000ba   0x0800aee2   0x00000002   Data   RW          461    .data               usart2.o
    0x200000bc   0x0800aee4   0x00000014   Data   RW          520    .data               stm32f10x_rcc.o
    0x200000d0        -       0x000004b0   Zero   RW          247    .bss                usart3.o
    0x20000580        -       0x0000000e   Zero   RW          301    .bss                tft.o
    0x2000058e        -       0x0000013f   Zero   RW          331    .bss                rc522.o
    0x200006cd   0x0800aef8   0x00000001   PAD
    0x200006ce        -       0x00000800   Zero   RW          376    .bss                flash.o
    0x20000ece        -       0x000000c8   Zero   RW          437    .bss                usart.o
    0x20000f96        -       0x000004b0   Zero   RW          460    .bss                usart2.o
    0x20001446   0x0800aef8   0x00000002   PAD
    0x20001448        -       0x00000400   Zero   RW          488    STACK               startup_stm32f10x_hd.o


==============================================================================

Image component sizes


      Code (inc. data)   RO Data    RW Data    ZI Data      Debug   Object Name

       212         18          0          4          0        983   delay.o
       324         26          0          0          0       1020   exti.o
       324          8          0          0       2048       2614   flash.o
       216         14          0          1          0        788   key.o
      1256         56          0          5          0       1752   key1.o
        76          8          0          0          0        467   led.o
      2888        388          0         60          0     272463   main.o
       220         22          0          0          0       1745   misc.o
      2948        194          0         81        319       9986   rc522.o
       252          8          0          0          0        924   server.o
        36          8        304          0       1024        760   startup_stm32f10x_hd.o
       284         10          0          0          0       2199   stm32f10x_exti.o
      1468         34          0          0          0       8150   stm32f10x_flash.o
      1548         18          0          0          0       5319   stm32f10x_fsmc.o
       860         38          0          0          0       5677   stm32f10x_gpio.o
        26          0          0          0          0       1150   stm32f10x_it.o
       932         36          0         20          0       8824   stm32f10x_rcc.o
      3610         88          0          0          0      22784   stm32f10x_tim.o
      1032         22          0          0          0       8400   stm32f10x_usart.o
         0          0          0          0          0         32   sys.o
       480         38          0         20          0       1655   system_stm32f10x.o
     13388        124       6080          4         14      18362   tft.o
       140          8          0          0          0        764   timer.o
       324         18          0          6        200       3086   usart.o
       380         26          0          2       1200       1906   usart2.o
       380         24          0          2       1200       2486   usart3.o

    ----------------------------------------------------------------------
     33608       1234       6416        208       6008     384296   Object Totals
         0          0         32          0          0          0   (incl. Generated)
         4          0          0          3          3          0   (incl. Padding)

    ----------------------------------------------------------------------

      Code (inc. data)   RO Data    RW Data    ZI Data      Debug   Library Member Name

         0          0          0          0          0          0   entry.o
         0          0          0          0          0          0   entry10a.o
         0          0          0          0          0          0   entry11a.o
         8          4          0          0          0          0   entry2.o
         4          0          0          0          0          0   entry5.o
         0          0          0          0          0          0   entry7b.o
         0          0          0          0          0          0   entry8b.o
         8          4          0          0          0          0   entry9a.o
        30          0          0          0          0          0   handlers.o
        36          8          0          0          0         68   init.o
         0          0          0          0          0          0   iusefp.o
        30          0          0          0          0         68   llshl.o
        36          0          0          0          0         68   llsshr.o
        32          0          0          0          0         68   llushr.o
        36          0          0          0          0         68   memcpya.o
       736         56          0          0          0        184   printf5.o
      2272         86          0          0          0        516   printfa.o
        28          0          0          0          0         76   strcmp.o
        14          0          0          0          0         68   strlen.o
        44          0          0          0          0         80   uidiv.o
        98          0          0          0          0         92   uldiv.o
        48          0          0          0          0         68   cdrcmple.o
       334          0          0          0          0        148   dadd.o
       222          0          0          0          0        100   ddiv.o
       186          0          0          0          0        176   depilogue.o
        50          0          0          0          0         76   dfixui.o
        48          0          0          0          0         68   dfixul.o
        26          0          0          0          0         76   dfltui.o
       228          0          0          0          0         96   dmul.o

    ----------------------------------------------------------------------
      4560        158          0          0          0       2164   Library Totals
         6          0          0          0          0          0   (incl. Padding)

    ----------------------------------------------------------------------

      Code (inc. data)   RO Data    RW Data    ZI Data      Debug   Library Name

      3412        158          0          0          0       1356   mc_w.l
      1142          0          0          0          0        808   mf_w.l

    ----------------------------------------------------------------------
      4560        158          0          0          0       2164   Library Totals

    ----------------------------------------------------------------------

==============================================================================


      Code (inc. data)   RO Data    RW Data    ZI Data      Debug   

     38168       1392       6416        208       6008     383336   Grand Totals
     38168       1392       6416        208       6008     383336   ELF Image Totals
     38168       1392       6416        208          0          0   ROM Totals

==============================================================================

    Total RO  Size (Code + RO Data)                44584 (  43.54kB)
    Total RW  Size (RW Data + ZI Data)              6216 (   6.07kB)
    Total ROM Size (Code + RO Data + RW Data)      44792 (  43.74kB)

==============================================================================

